<?xml version="1.0" encoding="utf-8"?>
<!DOCTYPE result
  PUBLIC '+//IDN sosy-lab.org//DTD BenchExec result 1.18//EN'
  'https://www.sosy-lab.org/benchexec/result-1.18.dtd'>
<result benchmarkname="benchmark-example-true" date="2015-01-01 00:00:00 " generator="BenchExec 2.3-dev" name="no options" options="true" starttime="2015-01-01T00:00:00" tool="DummyTool" toolmodule="benchexec.tools.dummy" version="">
  <columns>
    <column title="status"/>
    <column title="cputime"/>
    <column title="walltime"/>
  </columns>
  <systeminfo hostname="t460p">
    <os name="Linux-4.15.0-38-generic-x86_64-with-Ubuntu-18.04-bionic"/>
    <cpu cores="4" frequency="3500000000" model="Intel Core i5-6440HQ CPU @ 2.60GHz" turboboostActive="true"/>
    <ram size="33590341632"/>
    <environment>
      <var name="AUTOJUMP_ERROR_PATH">/home/wendler/.local/share/autojump/errors.log</var>
      <var name="AUTOJUMP_SOURCED">1</var>
      <var name="CLUTTER_IM_MODULE">xim</var>
      <var name="COLORTERM">truecolor</var>
      <var name="COMPIZ_BIN_PATH">/usr/bin/</var>
      <var name="COMPIZ_CONFIG_PROFILE">ubuntu</var>
      <var name="DBUS_SESSION_BUS_ADDRESS">unix:path=/run/user/1000/bus</var>
      <var name="DEBEMAIL">debian@philippwendler.de</var>
      <var name="DEBFULLNAME">Philipp Wendler</var>
      <var name="DEFAULTS_PATH">/usr/share/gconf/unity.default.path</var>
      <var name="DESKTOP_SESSION">unity</var>
      <var name="DISPLAY">:0</var>
      <var name="FIGNORE">.svn:.o:.pyc:.aux</var>
      <var name="GDMSESSION">unity</var>
      <var name="GIT_BRANCH">yaml</var>
      <var name="GNOME_DESKTOP_SESSION_ID">this-is-deprecated</var>
      <var name="GNOME_SESSION_XDG_SESSION_PATH"/>
      <var name="GNOME_TERMINAL_SCREEN">/org/gnome/Terminal/screen/08dac823_9d7f_4191_b540_1b90fce4c35f</var>
      <var name="GNOME_TERMINAL_SERVICE">:1.84</var>
      <var name="GPG_AGENT_INFO">/run/user/1000/gnupg/S.gpg-agent:0:1</var>
      <var name="GTK2_MODULES">overlay-scrollbar</var>
      <var name="GTK_CSD">0</var>
      <var name="GTK_IM_MODULE">ibus</var>
      <var name="GTK_MODULES">gail:atk-bridge:unity-gtk-module</var>
      <var name="IM_CONFIG_PHASE">2</var>
      <var name="INVOCATION_ID">89a4ab4e9c5c498ab3e7078595d6e1c1</var>
      <var name="JOURNAL_STREAM">9:37229</var>
      <var name="LANG">de_DE.UTF-8</var>
      <var name="LD_PRELOAD">libgtk3-nocsd.so.0</var>
      <var name="LESSCLOSE">/usr/bin/lesspipe %s %s</var>
      <var name="LESSOPEN">| /usr/bin/lesspipe %s</var>
      <var name="LOGNAME">wendler</var>
      <var name="LS_COLORS">no=00:fi=00:di=36:ow=34;47:ln=35:pi=30;44:so=35;44:do=35;44:bd=33;44:cd=37;44:or=05;37;41:mi=05;37;41:ex=01;31:*.cmd=01;31:*.exe=01;31:*.com=01;31:*.bat=01;31:*.reg=01;31:*.app=01;31:*.txt=32:*.org=32:*.md=32:*.mkd=32:*.h=32:*.hpp=32:*.c=32:*.C=32:*.cc=32:*.cpp=32:*.cxx=32:*.objc=32:*.cl=32:*.sh=32:*.bash=32:*.csh=32:*.zsh=32:*.el=32:*.vim=32:*.java=32:*.pl=32:*.pm=32:*.py=32:*.rb=32:*.hs=32:*.php=32:*.htm=32:*.html=32:*.shtml=32:*.erb=32:*.haml=32:*.xml=32:*.rdf=32:*.css=32:*.sass=32:*.scss=32:*.less=32:*.js=32:*.coffee=32:*.man=32:*.0=32:*.1=32:*.2=32:*.3=32:*.4=32:*.5=32:*.6=32:*.7=32:*.8=32:*.9=32:*.l=32:*.n=32:*.p=32:*.pod=32:*.tex=32:*.go=32:*.sql=32:*.csv=32:*.bmp=33:*.cgm=33:*.dl=33:*.dvi=33:*.emf=33:*.eps=33:*.gif=33:*.jpeg=33:*.jpg=33:*.JPG=33:*.mng=33:*.pbm=33:*.pcx=33:*.pdf=33:*.pgm=33:*.png=33:*.PNG=33:*.ppm=33:*.pps=33:*.ppsx=33:*.ps=33:*.svg=33:*.svgz=33:*.tga=33:*.tif=33:*.tiff=33:*.xbm=33:*.xcf=33:*.xpm=33:*.xwd=33:*.xwd=33:*.yuv=33:*.aac=33:*.au=33:*.flac=33:*.m4a=33:*.mid=33:*.midi=33:*.mka=33:*.mp3=33:*.mpa=33:*.mpeg=33:*.mpg=33:*.ogg=33:*.opus=33:*.ra=33:*.wav=33:*.anx=33:*.asf=33:*.avi=33:*.axv=33:*.flc=33:*.fli=33:*.flv=33:*.gl=33:*.m2v=33:*.m4v=33:*.mkv=33:*.mov=33:*.MOV=33:*.mp4=33:*.mp4v=33:*.mpeg=33:*.mpg=33:*.nuv=33:*.ogm=33:*.ogv=33:*.ogx=33:*.qt=33:*.rm=33:*.rmvb=33:*.swf=33:*.vob=33:*.webm=33:*.wmv=33:*.doc=31:*.docx=31:*.rtf=31:*.odt=31:*.dot=31:*.dotx=31:*.ott=31:*.xls=31:*.xlsx=31:*.ods=31:*.ots=31:*.ppt=31:*.pptx=31:*.odp=31:*.otp=31:*.fla=31:*.psd=31:*.7z=1;35:*.apk=1;35:*.arj=1;35:*.bin=1;35:*.bz=1;35:*.bz2=1;35:*.cab=1;35:*.deb=1;35:*.dmg=1;35:*.gem=1;35:*.gz=1;35:*.iso=1;35:*.jar=1;35:*.msi=1;35:*.rar=1;35:*.rpm=1;35:*.tar=1;35:*.tbz=1;35:*.tbz2=1;35:*.tgz=1;35:*.tx=1;35:*.war=1;35:*.xpi=1;35:*.xz=1;35:*.z=1;35:*.Z=1;35:*.zip=1;35:*.ANSI-30-black=30:*.ANSI-01;30-brblack=01;30:*.ANSI-31-red=31:*.ANSI-01;31-brred=01;31:*.ANSI-32-green=32:*.ANSI-01;32-brgreen=01;32:*.ANSI-33-yellow=33:*.ANSI-01;33-bryellow=01;33:*.ANSI-34-blue=34:*.ANSI-01;34-brblue=01;34:*.ANSI-35-magenta=35:*.ANSI-01;35-brmagenta=01;35:*.ANSI-36-cyan=36:*.ANSI-01;36-brcyan=01;36:*.ANSI-37-white=37:*.ANSI-01;37-brwhite=01;37:*.log=01;34:*~=01;34:*#=01;34:*.bak=01;36:*.BAK=01;36:*.old=01;36:*.OLD=01;36:*.org_archive=01;36:*.off=01;36:*.OFF=01;36:*.dist=01;36:*.DIST=01;36:*.orig=01;36:*.ORIG=01;36:*.swp=01;36:*.swo=01;36:*,v=01;36:*.gpg=34:*.gpg=34:*.pgp=34:*.asc=34:*.3des=34:*.aes=34:*.enc=34:*.sqlite=34:</var>
      <var name="MANAGERPID">2024</var>
      <var name="MANDATORY_PATH">/usr/share/gconf/unity.mandatory.path</var>
      <var name="OLDPWD">/home/wendler</var>
      <var name="PATH">/home/wendler/venv/benchexec-src/bin:/home/wendler/bin:/home/wendler/.local/bin:/home/wendler/bin:/home/wendler/.local/bin:/usr/local/sbin:/usr/local/bin:/usr/sbin:/usr/bin:/sbin:/bin:/usr/games:/usr/local/games:/snap/bin</var>
      <var name="PLAT">linux-x86_64</var>
      <var name="PROMPT_COMMAND">setLastCommandState;history -a;setGitPrompt ; autojump_add_to_database</var>
      <var name="PS1">(\[\033[0;34m\]benchexec-src\[\033[0;0m\]) \[\033[0;31m\]✘ \[\033[0;0m\] \[\033[0;33m\]\w\[\033k${debian_chroot:+($debian_chroot)}\u@\h:\w\033\\\] \[\033[0;36m\][\[\033[0;35m\]${GIT_BRANCH}\[\033[0;0m\]|\[\033[0;33m\]● 1\[\033[0;0m\]\[\033[0;34m\]✚ 3\[\033[0;0m\]\[\033[0;36m\]… 3\[\033[0;0m\]\[\033[1;35m\]⚑ 3\[\033[0;0m\]\[\033[0;0m\]\[\033[0;36m\]]\n\[\033[0;34m\]\u\[\033[0;37m\]@\[\033[1;34m\]\h \[\033[1;31m\] ➤ \[\033[0;0m\] </var>
      <var name="PWD">/home/wendler/git/benchexec</var>
      <var name="PYTHONSTARTUP">/home/wendler/.pythonstartup</var>
      <var name="QT4_IM_MODULE">xim</var>
      <var name="QT_ACCESSIBILITY">1</var>
      <var name="QT_IM_MODULE">ibus</var>
      <var name="QT_QPA_PLATFORMTHEME">appmenu-qt5</var>
      <var name="SESSION_MANAGER">local/t460p:@/tmp/.ICE-unix/2273,unix/t460p:/tmp/.ICE-unix/2273</var>
      <var name="SHELL">/bin/bash</var>
      <var name="SHLVL">3</var>
      <var name="SSH_AGENT_LAUNCHER">openssh</var>
      <var name="SSH_AUTH_SOCK">/run/user/1000/openssh_agent</var>
      <var name="S_COLORS">auto</var>
      <var name="TERM">screen-256color</var>
      <var name="TEXMFCNF">/home/wendler/.texmf-config/web2c:</var>
      <var name="TEXTDOMAIN">im-config</var>
      <var name="TEXTDOMAINDIR">/usr/share/locale/</var>
      <var name="TMUX">/tmp/tmux-1000/default,2727,0</var>
      <var name="TMUX_PANE">%2</var>
      <var name="UNITY_DEFAULT_PROFILE">unity</var>
      <var name="UNITY_HAS_3D_SUPPORT">true</var>
      <var name="USER">wendler</var>
      <var name="USERNAME">wendler</var>
      <var name="VIRTUAL_ENV">/home/wendler/venv/benchexec-src</var>
      <var name="VTE_VERSION">5202</var>
      <var name="WINDOWPATH">2</var>
      <var name="XAUTHORITY">/run/user/1000/gdm/Xauthority</var>
      <var name="XDG_CONFIG_DIRS">/etc/xdg/xdg-unity:/etc/xdg</var>
      <var name="XDG_CURRENT_DESKTOP">Unity:Unity7:ubuntu</var>
      <var name="XDG_DATA_DIRS">/usr/share/unity:/usr/local/share:/usr/share:/var/lib/snapd/desktop</var>
      <var name="XDG_MENU_PREFIX">gnome-</var>
      <var name="XDG_RUNTIME_DIR">/run/user/1000</var>
      <var name="XDG_SESSION_DESKTOP">unity</var>
      <var name="XDG_SESSION_TYPE">x11</var>
      <var name="XMODIFIERS">@im=ibus</var>
      <var name="_">/home/wendler/venv/benchexec-src/bin/python</var>
      <var name="__GIT_PROMPT_IGNORE_STASH"/>
      <var name="__GIT_PROMPT_SHOW_CHANGED_FILES_COUNT">1</var>
      <var name="__GIT_PROMPT_SHOW_UNTRACKED_FILES">normal</var>
      <var name="__GIT_PROMPT_SHOW_UPSTREAM"/>
    </environment>
  </systeminfo>
  <run files="[../../../doc/benchmark.dtd]" name="../../../doc/benchmark.dtd">
    <column title="cpuenergy" value="0.005737J"/>
    <column title="cputime" value="0.001584981s"/>
    <column title="memUsage" value="385024"/>
    <column title="status" value="true"/>
    <column title="walltime" value="0.0066978489921893924s"/>
    <column hidden="true" title="category" value="missing"/>
    <column hidden="true" title="cpuenergy-pkg0" value="0.005737J"/>
    <column hidden="true" title="cpuenergy-pkg0-core" value="0.003113J"/>
    <column hidden="true" title="cpuenergy-pkg0-dram" value="0.000916J"/>
    <column hidden="true" title="cpuenergy-pkg0-psys" value="0.000671J"/>
    <column hidden="true" title="cputime-cpu2" value="0.001584981s"/>
    <column hidden="true" title="exitcode" value="0"/>
    <column hidden="true" title="returnvalue" value="0"/>
  </run>
  <run files="[../../../doc/result.dtd]" name="../../../doc/result.dtd">
    <column title="cpuenergy" value="0.013916J"/>
    <column title="cputime" value="0.002669233s"/>
    <column title="memUsage" value="286720"/>
    <column title="status" value="true"/>
    <column title="walltime" value="0.025498475995846093s"/>
    <column hidden="true" title="category" value="missing"/>
    <column hidden="true" title="cpuenergy-pkg0" value="0.013916J"/>
    <column hidden="true" title="cpuenergy-pkg0-core" value="0.010071J"/>
    <column hidden="true" title="cpuenergy-pkg0-dram" value="0.001587J"/>
    <column hidden="true" title="cpuenergy-pkg0-psys" value="0.000671J"/>
    <column hidden="true" title="cputime-cpu0" value="0.001583909s"/>
    <column hidden="true" title="cputime-cpu1" value="0.001085324s"/>
    <column hidden="true" title="exitcode" value="0"/>
    <column hidden="true" title="returnvalue" value="0"/>
  </run>
  <run files="[../../../doc/table.dtd]" name="../../../doc/table.dtd">
    <column title="cpuenergy" value="0.002808J"/>
    <column title="cputime" value="0.00367288s"/>
    <column title="memUsage" value="385024"/>
    <column title="status" value="true"/>
    <column title="walltime" value="0.012931519013363868s"/>
    <column hidden="true" title="category" value="missing"/>
    <column hidden="true" title="cpuenergy-pkg0" value="0.002808J"/>
    <column hidden="true" title="cpuenergy-pkg0-core" value="0.001160J"/>
    <column hidden="true" title="cpuenergy-pkg0-dram" value="0.002075J"/>
    <column hidden="true" title="cpuenergy-pkg0-psys" value="0.001343J"/>
    <column hidden="true" title="cputime-cpu1" value="0.000644223s"/>
    <column hidden="true" title="cputime-cpu2" value="0.003028657s"/>
    <column hidden="true" title="exitcode" value="0"/>
    <column hidden="true" title="returnvalue" value="0"/>
  </run>
  <run files="[../../../doc/DEVELOPMENT.md]" name="../../../doc/DEVELOPMENT.md">
    <column title="cpuenergy" value="0.005066J"/>
    <column title="cputime" value="0.004442966s"/>
    <column title="memUsage" value="385024"/>
    <column title="status" value="true"/>
    <column title="walltime" value="0.010113150987308472s"/>
    <column hidden="true" title="category" value="missing"/>
    <column hidden="true" title="cpuenergy-pkg0" value="0.005066J"/>
    <column hidden="true" title="cpuenergy-pkg0-core" value="0.002014J"/>
    <column hidden="true" title="cpuenergy-pkg0-dram" value="0.003174J"/>
    <column hidden="true" title="cpuenergy-pkg0-psys" value="0.002014J"/>
    <column hidden="true" title="cputime-cpu1" value="0.004442966s"/>
    <column hidden="true" title="exitcode" value="0"/>
    <column hidden="true" title="returnvalue" value="0"/>
  </run>
  <run files="[../../../doc/INDEX.md]" name="../../../doc/INDEX.md">
    <column title="cpuenergy" value="0.004333J"/>
    <column title="cputime" value="0.004730132s"/>
    <column title="memUsage" value="385024"/>
    <column title="status" value="true"/>
    <column title="walltime" value="0.010331934987334535s"/>
    <column hidden="true" title="category" value="missing"/>
    <column hidden="true" title="cpuenergy-pkg0" value="0.004333J"/>
    <column hidden="true" title="cpuenergy-pkg0-core" value="0.001099J"/>
    <column hidden="true" title="cpuenergy-pkg0-dram" value="0.001953J"/>
    <column hidden="true" title="cpuenergy-pkg0-psys" value="0.002075J"/>
    <column hidden="true" title="cputime-cpu2" value="0.004730132s"/>
    <column hidden="true" title="exitcode" value="0"/>
    <column hidden="true" title="returnvalue" value="0"/>
  </run>
  <run files="[../../../doc/INSTALL.md]" name="../../../doc/INSTALL.md">
    <column title="cpuenergy" value="0.004272J"/>
    <column title="cputime" value="0.005093829s"/>
    <column title="memUsage" value="385024"/>
    <column title="status" value="true"/>
    <column title="walltime" value="0.0105675219965633s"/>
    <column hidden="true" title="category" value="missing"/>
    <column hidden="true" title="cpuenergy-pkg0" value="0.004272J"/>
    <column hidden="true" title="cpuenergy-pkg0-core" value="0.001038J"/>
    <column hidden="true" title="cpuenergy-pkg0-dram" value="0.002991J"/>
    <column hidden="true" title="cpuenergy-pkg0-psys" value="0.001343J"/>
    <column hidden="true" title="cputime-cpu1" value="0.005093829s"/>
    <column hidden="true" title="exitcode" value="0"/>
    <column hidden="true" title="returnvalue" value="0"/>
  </run>
  <run files="[../../../doc/benchexec.md]" name="../../../doc/benchexec.md">
    <column title="cpuenergy" value="0.004517J"/>
    <column title="cputime" value="0.004010876s"/>
    <column title="memUsage" value="385024"/>
    <column title="status" value="true"/>
    <column title="walltime" value="0.010538106987951323s"/>
    <column hidden="true" title="category" value="missing"/>
    <column hidden="true" title="cpuenergy-pkg0" value="0.004517J"/>
    <column hidden="true" title="cpuenergy-pkg0-core" value="0.002136J"/>
    <column hidden="true" title="cpuenergy-pkg0-dram" value="0.003296J"/>
    <column hidden="true" title="cpuenergy-pkg0-psys" value="0.002014J"/>
    <column hidden="true" title="cputime-cpu2" value="0.004010876s"/>
    <column hidden="true" title="exitcode" value="0"/>
    <column hidden="true" title="returnvalue" value="0"/>
  </run>
  <run files="[../../../doc/benchmarking.md]" name="../../../doc/benchmarking.md">
    <column title="cpuenergy" value="0.005615J"/>
    <column title="cputime" value="0.00448411s"/>
    <column title="memUsage" value="385024"/>
    <column title="status" value="true"/>
    <column title="walltime" value="0.009765276015968993s"/>
    <column hidden="true" title="category" value="missing"/>
    <column hidden="true" title="cpuenergy-pkg0" value="0.005615J"/>
    <column hidden="true" title="cpuenergy-pkg0-core" value="0.004395J"/>
    <column hidden="true" title="cpuenergy-pkg0-dram" value="0.004211J"/>
    <column hidden="true" title="cpuenergy-pkg0-psys" value="0.001343J"/>
    <column hidden="true" title="cputime-cpu1" value="0.00448411s"/>
    <column hidden="true" title="exitcode" value="0"/>
    <column hidden="true" title="returnvalue" value="0"/>
  </run>
  <run files="[../../../doc/container.md]" name="../../../doc/container.md">
    <column title="cpuenergy" value="0.006104J"/>
    <column title="cputime" value="0.006528657s"/>
    <column title="memUsage" value="335872"/>
    <column title="status" value="true"/>
    <column title="walltime" value="0.025689734990010038s"/>
    <column hidden="true" title="category" value="missing"/>
    <column hidden="true" title="cpuenergy-pkg0" value="0.006104J"/>
    <column hidden="true" title="cpuenergy-pkg0-core" value="0.004944J"/>
    <column hidden="true" title="cpuenergy-pkg0-dram" value="0.003540J"/>
    <column hidden="true" title="cpuenergy-pkg0-psys" value="0.002014J"/>
    <column hidden="true" title="cputime-cpu0" value="0.003741313s"/>
    <column hidden="true" title="cputime-cpu1" value="0.002787344s"/>
    <column hidden="true" title="exitcode" value="0"/>
    <column hidden="true" title="returnvalue" value="0"/>
  </run>
  <run files="[../../../doc/properties.md]" name="../../../doc/properties.md">
    <column title="cpuenergy" value="0.004700J"/>
    <column title="cputime" value="0.001850767s"/>
    <column title="memory" value="262144B"/>
    <column title="status" value="true"/>
    <column title="walltime" value="0.0031071800040081143s"/>
    <column hidden="true" title="blkio-read" value="0B"/>
    <column hidden="true" title="blkio-write" value="0B"/>
    <column hidden="true" title="category" value="missing"/>
    <column hidden="true" title="cpuenergy-pkg0-core" value="0.001709J"/>
    <column hidden="true" title="cpuenergy-pkg0-dram" value="0.001404J"/>
    <column hidden="true" title="cpuenergy-pkg0-package" value="0.004700J"/>
    <column hidden="true" title="cpuenergy-pkg0-psys" value="0.022888J"/>
    <column hidden="true" title="cpuenergy-pkg0-uncore" value="0.000183J"/>
    <column hidden="true" title="cputime-cpu0" value="0.001771838s"/>
    <column hidden="true" title="cputime-cpu3" value="7.8929e-05s"/>
    <column hidden="true" title="returnvalue" value="0"/>
    <column hidden="true" title="starttime" value="2020-06-12T13:03:05.487583+02:00"/>
  </run>
  <run files="[../../../doc/resources.md]" name="../../../doc/resources.md">
    <column title="cpuenergy" value="0.004456J"/>
    <column title="cputime" value="0.00375404s"/>
    <column title="memUsage" value="372736"/>
    <column title="status" value="true"/>
    <column title="walltime" value="0.014119394996669143s"/>
    <column hidden="true" title="category" value="missing"/>
    <column hidden="true" title="cpuenergy-pkg0" value="0.004456J"/>
    <column hidden="true" title="cpuenergy-pkg0-core" value="0.001770J"/>
    <column hidden="true" title="cpuenergy-pkg0-dram" value="0.003357J"/>
    <column hidden="true" title="cpuenergy-pkg0-psys" value="0.002014J"/>
    <column hidden="true" title="cputime-cpu2" value="0.00375404s"/>
    <column hidden="true" title="exitcode" value="0"/>
    <column hidden="true" title="returnvalue" value="0"/>
  </run>
  <run files="[../../../doc/run-results.md]" name="../../../doc/run-results.md">
    <column title="cpuenergy" value="0.004272J"/>
    <column title="cputime" value="0.004824522s"/>
    <column title="memUsage" value="389120"/>
    <column title="status" value="true"/>
    <column title="walltime" value="0.015322767023462802s"/>
    <column hidden="true" title="category" value="missing"/>
    <column hidden="true" title="cpuenergy-pkg0" value="0.004272J"/>
    <column hidden="true" title="cpuenergy-pkg0-core" value="0.000671J"/>
    <column hidden="true" title="cpuenergy-pkg0-dram" value="0.001953J"/>
    <column hidden="true" title="cpuenergy-pkg0-psys" value="0.002014J"/>
    <column hidden="true" title="cputime-cpu2" value="0.004824522s"/>
    <column hidden="true" title="exitcode" value="0"/>
    <column hidden="true" title="returnvalue" value="0"/>
  </run>
  <run files="[../../../doc/runexec.md]" name="../../../doc/runexec.md">
    <column title="cpuenergy" value="0.004211J"/>
    <column title="cputime" value="0.003265432s"/>
    <column title="memUsage" value="385024"/>
    <column title="status" value="true"/>
    <column title="walltime" value="0.010061210981803015s"/>
    <column hidden="true" title="category" value="missing"/>
    <column hidden="true" title="cpuenergy-pkg0" value="0.004211J"/>
    <column hidden="true" title="cpuenergy-pkg0-core" value="0.000732J"/>
    <column hidden="true" title="cpuenergy-pkg0-dram" value="0.001953J"/>
    <column hidden="true" title="cpuenergy-pkg0-psys" value="0.002075J"/>
    <column hidden="true" title="cputime-cpu1" value="0.003265432s"/>
    <column hidden="true" title="exitcode" value="0"/>
    <column hidden="true" title="returnvalue" value="0"/>
  </run>
  <run files="[../../../doc/table-generator.md]" name="../../../doc/table-generator.md">
    <column title="cpuenergy" value="0.005127J"/>
    <column title="cputime" value="0.004317205s"/>
    <column title="memUsage" value="307200"/>
    <column title="status" value="true"/>
    <column title="walltime" value="0.012396106001688167s"/>
    <column hidden="true" title="category" value="missing"/>
    <column hidden="true" title="cpuenergy-pkg0" value="0.005127J"/>
    <column hidden="true" title="cpuenergy-pkg0-core" value="0.002014J"/>
    <column hidden="true" title="cpuenergy-pkg0-dram" value="0.002197J"/>
    <column hidden="true" title="cpuenergy-pkg0-psys" value="0.002014J"/>
    <column hidden="true" title="cputime-cpu2" value="0.004317205s"/>
    <column hidden="true" title="exitcode" value="0"/>
    <column hidden="true" title="returnvalue" value="0"/>
  </run>
  <run files="[../../../doc/tool-integration.md]" name="../../../doc/tool-integration.md">
    <column title="cpuenergy" value="0.006714J"/>
    <column title="cputime" value="0.004495985s"/>
    <column title="memUsage" value="385024"/>
    <column title="status" value="true"/>
    <column title="walltime" value="0.01080235099652782s"/>
    <column hidden="true" title="category" value="missing"/>
    <column hidden="true" title="cpuenergy-pkg0" value="0.006714J"/>
    <column hidden="true" title="cpuenergy-pkg0-core" value="0.008179J"/>
    <column hidden="true" title="cpuenergy-pkg0-dram" value="0.001709J"/>
    <column hidden="true" title="cpuenergy-pkg0-psys" value="0.001404J"/>
    <column hidden="true" title="cpuenergy-pkg0-uncore" value="0.000488J"/>
    <column hidden="true" title="cputime-cpu1" value="0.004495985s"/>
    <column hidden="true" title="exitcode" value="0"/>
    <column hidden="true" title="returnvalue" value="0"/>
  </run>
  <run files="[../../../doc/benchmark-example-calculatepi.xml]" name="../../../doc/benchmark-example-calculatepi.xml">
    <column title="cpuenergy" value="0.014771J"/>
    <column title="cputime" value="0.006830947s"/>
    <column title="memUsage" value="286720"/>
    <column title="status" value="true"/>
    <column title="walltime" value="0.027029307006159797s"/>
    <column hidden="true" title="category" value="missing"/>
    <column hidden="true" title="cpuenergy-pkg0" value="0.014771J"/>
    <column hidden="true" title="cpuenergy-pkg0-core" value="0.006226J"/>
    <column hidden="true" title="cpuenergy-pkg0-dram" value="0.001465J"/>
    <column hidden="true" title="cpuenergy-pkg0-psys" value="0.001343J"/>
    <column hidden="true" title="cpuenergy-pkg0-uncore" value="0.000793J"/>
    <column hidden="true" title="cputime-cpu0" value="0.004122751s"/>
    <column hidden="true" title="cputime-cpu1" value="0.002708196s"/>
    <column hidden="true" title="exitcode" value="0"/>
    <column hidden="true" title="returnvalue" value="0"/>
  </run>
  <run files="[../../../doc/benchmark-example-cbmc.xml]" name="../../../doc/benchmark-example-cbmc.xml">
    <column title="cpuenergy" value="0.002502J"/>
    <column title="cputime" value="0.00643363s"/>
    <column title="memUsage" value="286720"/>
    <column title="status" value="true"/>
    <column title="walltime" value="0.02417004099697806s"/>
    <column hidden="true" title="category" value="missing"/>
    <column hidden="true" title="cpuenergy-pkg0" value="0.002502J"/>
    <column hidden="true" title="cpuenergy-pkg0-core" value="0.001160J"/>
    <column hidden="true" title="cpuenergy-pkg0-dram" value="0.000977J"/>
    <column hidden="true" title="cpuenergy-pkg0-psys" value="0.001343J"/>
    <column hidden="true" title="cputime-cpu0" value="0.0038151s"/>
    <column hidden="true" title="cputime-cpu1" value="0.00261853s"/>
    <column hidden="true" title="exitcode" value="0"/>
    <column hidden="true" title="returnvalue" value="0"/>
  </run>
  <run files="[../../../doc/benchmark-example-rand.xml]" name="../../../doc/benchmark-example-rand.xml">
    <column title="cpuenergy" value="0.004333J"/>
    <column title="cputime" value="0.00460153s"/>
    <column title="memUsage" value="278528"/>
    <column title="status" value="true"/>
    <column title="walltime" value="0.021994601003825665s"/>
    <column hidden="true" title="category" value="missing"/>
    <column hidden="true" title="cpuenergy-pkg0" value="0.004333J"/>
    <column hidden="true" title="cpuenergy-pkg0-core" value="0.003479J"/>
    <column hidden="true" title="cpuenergy-pkg0-dram" value="0.003662J"/>
    <column hidden="true" title="cpuenergy-pkg0-psys" value="0.001343J"/>
    <column hidden="true" title="cputime-cpu1" value="0.001817728s"/>
    <column hidden="true" title="cputime-cpu2" value="0.002783802s"/>
    <column hidden="true" title="exitcode" value="0"/>
    <column hidden="true" title="returnvalue" value="0"/>
  </run>
  <run files="[../../../doc/benchmark-example-true.xml]" name="../../../doc/benchmark-example-true.xml">
    <column title="cpuenergy" value="0.013000J"/>
    <column title="cputime" value="0.007116116s"/>
    <column title="memUsage" value="278528"/>
    <column title="status" value="true"/>
    <column title="walltime" value="0.029774485010420904s"/>
    <column hidden="true" title="category" value="missing"/>
    <column hidden="true" title="cpuenergy-pkg0" value="0.013000J"/>
    <column hidden="true" title="cpuenergy-pkg0-core" value="0.008545J"/>
    <column hidden="true" title="cpuenergy-pkg0-dram" value="0.005920J"/>
    <column hidden="true" title="cpuenergy-pkg0-psys" value="0.002014J"/>
    <column hidden="true" title="cputime-cpu0" value="0.004497813s"/>
    <column hidden="true" title="cputime-cpu1" value="3.8875e-05s"/>
    <column hidden="true" title="cputime-cpu2" value="0.002579428s"/>
    <column hidden="true" title="exitcode" value="0"/>
    <column hidden="true" title="returnvalue" value="0"/>
  </run>
  <run files="[../../../doc/benchmark.xml]" name="../../../doc/benchmark.xml">
    <column title="cpuenergy" value="0.008850J"/>
    <column title="cputime" value="0.003352712s"/>
    <column title="memUsage" value="385024"/>
    <column title="status" value="true"/>
    <column title="walltime" value="0.01888777400017716s"/>
    <column hidden="true" title="category" value="missing"/>
    <column hidden="true" title="cpuenergy-pkg0" value="0.008850J"/>
    <column hidden="true" title="cpuenergy-pkg0-core" value="0.004700J"/>
    <column hidden="true" title="cpuenergy-pkg0-dram" value="0.004822J"/>
    <column hidden="true" title="cpuenergy-pkg0-psys" value="0.002014J"/>
    <column hidden="true" title="cpuenergy-pkg0-uncore" value="0.002625J"/>
    <column hidden="true" title="cputime-cpu2" value="0.003352712s"/>
    <column hidden="true" title="exitcode" value="0"/>
    <column hidden="true" title="returnvalue" value="0"/>
  </run>
  <run files="[../../../doc/table-generator-basic.xml]" name="../../../doc/table-generator-basic.xml">
    <column title="cpuenergy" value="0.009277J"/>
    <column title="cputime" value="0.002290151s"/>
    <column title="memUsage" value="385024"/>
    <column title="status" value="true"/>
    <column title="walltime" value="0.009087832004297525s"/>
    <column hidden="true" title="category" value="missing"/>
    <column hidden="true" title="cpuenergy-pkg0" value="0.009277J"/>
    <column hidden="true" title="cpuenergy-pkg0-core" value="0.004517J"/>
    <column hidden="true" title="cpuenergy-pkg0-dram" value="0.001648J"/>
    <column hidden="true" title="cpuenergy-pkg0-psys" value="0.001343J"/>
    <column hidden="true" title="cputime-cpu2" value="0.002290151s"/>
    <column hidden="true" title="exitcode" value="0"/>
    <column hidden="true" title="returnvalue" value="0"/>
  </run>
  <run files="[../../../doc/table-generator-example.xml]" name="../../../doc/table-generator-example.xml">
    <column title="cpuenergy" value="0.005066J"/>
    <column title="cputime" value="0.004462744s"/>
    <column title="memUsage" value="385024"/>
    <column title="status" value="true"/>
    <column title="walltime" value="0.012431880983058363s"/>
    <column hidden="true" title="category" value="missing"/>
    <column hidden="true" title="cpuenergy-pkg0" value="0.005066J"/>
    <column hidden="true" title="cpuenergy-pkg0-core" value="0.001831J"/>
    <column hidden="true" title="cpuenergy-pkg0-dram" value="0.000916J"/>
    <column hidden="true" title="cpuenergy-pkg0-psys" value="0.001343J"/>
    <column hidden="true" title="cputime-cpu2" value="0.004462744s"/>
    <column hidden="true" title="exitcode" value="0"/>
    <column hidden="true" title="returnvalue" value="0"/>
  </run>
  <run files="[../../../doc/table-generator.xml]" name="../../../doc/table-generator.xml">
    <column title="cpuenergy" value="0.004456J"/>
    <column title="cputime" value="0.004238076s"/>
    <column title="memUsage" value="385024"/>
    <column title="status" value="true"/>
    <column title="walltime" value="0.010045542992884293s"/>
    <column hidden="true" title="category" value="missing"/>
    <column hidden="true" title="cpuenergy-pkg0" value="0.004456J"/>
    <column hidden="true" title="cpuenergy-pkg0-core" value="0.002380J"/>
    <column hidden="true" title="cpuenergy-pkg0-dram" value="0.002380J"/>
    <column hidden="true" title="cpuenergy-pkg0-psys" value="0.001343J"/>
    <column hidden="true" title="cputime-cpu2" value="0.004238076s"/>
    <column hidden="true" title="exitcode" value="0"/>
    <column hidden="true" title="returnvalue" value="0"/>
  </run>
  <run files="[../../../doc/DEVELOPMENT.md, ../../../doc/INDEX.md, ../../../doc/INSTALL.md, ../../../doc/benchexec.md, ../../../doc/benchmarking.md, ../../../doc/container.md, ../../../doc/properties.md, ../../../doc/resources.md, ../../../doc/run-results.md, ../../../doc/runexec.md, ../../../doc/table-generator.md, ../../../doc/tool-integration.md, ../../../README.md]" name="../../../doc/task-definition-example.yml">
    <column title="cpuenergy" value="0.011597J"/>
    <column title="cputime" value="0.004660596s"/>
    <column title="memUsage" value="385024"/>
    <column title="status" value="true"/>
    <column title="walltime" value="0.010188498010393232s"/>
    <column hidden="true" title="category" value="missing"/>
    <column hidden="true" title="cpuenergy-pkg0" value="0.011597J"/>
    <column hidden="true" title="cpuenergy-pkg0-core" value="0.007446J"/>
    <column hidden="true" title="cpuenergy-pkg0-dram" value="0.001404J"/>
    <column hidden="true" title="cpuenergy-pkg0-psys" value="0.001343J"/>
    <column hidden="true" title="cputime-cpu1" value="0.004660596s"/>
    <column hidden="true" title="exitcode" value="0"/>
    <column hidden="true" title="returnvalue" value="0"/>
  </run>
  <run name="dummy task 1">
    <column title="cpuenergy" value="0.005615J"/>
    <column title="cputime" value="0.004320925s"/>
    <column title="memUsage" value="385024"/>
    <column title="status" value="true"/>
    <column title="walltime" value="0.009342470992123708s"/>
    <column hidden="true" title="category" value="missing"/>
    <column hidden="true" title="cpuenergy-pkg0" value="0.005615J"/>
    <column hidden="true" title="cpuenergy-pkg0-core" value="0.002380J"/>
    <column hidden="true" title="cpuenergy-pkg0-dram" value="0.002197J"/>
    <column hidden="true" title="cpuenergy-pkg0-psys" value="0.001343J"/>
    <column hidden="true" title="cputime-cpu1" value="0.004320925s"/>
    <column hidden="true" title="exitcode" value="0"/>
    <column hidden="true" title="returnvalue" value="0"/>
  </run>
  <run name="dummy task 2">
    <column title="cpuenergy" value="0.003845J"/>
    <column title="cputime" value="0.004566485s"/>
    <column title="memUsage" value="385024"/>
    <column title="status" value="true"/>
    <column title="walltime" value="0.016383827984100208s"/>
    <column hidden="true" title="category" value="missing"/>
    <column hidden="true" title="cpuenergy-pkg0" value="0.003845J"/>
    <column hidden="true" title="cpuenergy-pkg0-core" value="0.005737J"/>
    <column hidden="true" title="cpuenergy-pkg0-dram" value="0.001282J"/>
    <column hidden="true" title="cpuenergy-pkg0-psys" value="0.001343J"/>
    <column hidden="true" title="cputime-cpu2" value="0.004566485s"/>
    <column hidden="true" title="exitcode" value="0"/>
    <column hidden="true" title="returnvalue" value="0"/>
  </run>
  <run name="dummy task 3">
    <column title="cpuenergy" value="0.011292J"/>
    <column title="cputime" value="0.002007682s"/>
    <column title="memUsage" value="311296"/>
    <column title="status" value="true"/>
    <column title="walltime" value="0.006397755991201848s"/>
    <column hidden="true" title="category" value="missing"/>
    <column hidden="true" title="cpuenergy-pkg0" value="0.011292J"/>
    <column hidden="true" title="cpuenergy-pkg0-core" value="0.011169J"/>
    <column hidden="true" title="cpuenergy-pkg0-dram" value="0.001404J"/>
    <column hidden="true" title="cpuenergy-pkg0-psys" value="0.000671J"/>
    <column hidden="true" title="cputime-cpu1" value="0.000835169s"/>
    <column hidden="true" title="cputime-cpu2" value="0.001172513s"/>
    <column hidden="true" title="exitcode" value="0"/>
    <column hidden="true" title="returnvalue" value="0"/>
  </run>
  <column title="cputime" value="1.0775069999999998s"/>
  <column title="walltime" value="4.123764927004231s"/>
  <column title="cpuenergy" value="7.525818J"/>
  <column title="cpuenergy-pkg0" value="7.525818J"/>
  <column title="cpuenergy-pkg0-core" value="3.066895J"/>
  <column title="cpuenergy-pkg0-dram" value="4.758484J"/>
  <column title="cpuenergy-pkg0-psys" value="2.152649J"/>
  <column title="cpuenergy-pkg0-uncore" value="0.511292J"/>
</result>
