tool	CBMC 	CBMC 	CBMC 	CBMC 
run set	cbmc	cbmc	cbmc	cbmc
https://sosy-lab.github.io/benchexec/example-table/test/programs/benchmarks/	status	cputime (s)	walltime (s)	memory (MB)
ntdrivers/cdaudio_false-unreach-call.i.cil.c	TIMEOUT	60.09630458	60.07749915122986	986.857472
ntdrivers/diskperf_false-unreach-call.i.cil.c	false(reach)	1.240757859	1.2597875595092773	104.386560
ntdrivers/floppy_false-unreach-call.i.cil.c	false(reach)	3.096028302	3.1074421405792236	139.542528
ntdrivers/kbfiltr_false-unreach-call.i.cil.c	TIMEOUT	60.092660997	60.08262658119202	573.120512
ntdrivers/parport_false-unreach-call.i.cil.c	false(reach)	12.973295797	13.312453746795654	676.438016
ntdrivers/cdaudio_true-unreach-call.i.cil.c	TIMEOUT	60.087701827	60.36625409126282	992.849920
ntdrivers/diskperf_true-unreach-call.i.cil.c	TIMEOUT	60.16850488	60.147191286087036	3500.752896
ntdrivers/floppy2_true-unreach-call.i.cil.c	TIMEOUT	60.108787107	60.003472089767456	989.302784
ntdrivers/floppy_true-unreach-call.i.cil.c	TIMEOUT	60.01963848	60.35510444641113	390.643712
ntdrivers/parport_true-unreach-call.i.cil.c	TIMEOUT	61.056848841	61.702879905700684	2175.901696
ssh/s3_clnt.blast.01_false-unreach-call.i.cil.c	false(reach)	11.632186042	11.959893941879272	411.250688
ssh/s3_clnt.blast.02_false-unreach-call.i.cil.c	false(reach)	3.787719608	4.14628791809082	181.800960
ssh/s3_clnt.blast.03_false-unreach-call.i.cil.c	false(reach)	3.782608387	3.8162121772766113	181.514240
ssh/s3_clnt.blast.04_false-unreach-call.i.cil.c	false(reach)	3.773216768	3.792773962020874	180.371456
ssh/s3_srvr.blast.01_false-unreach-call.i.cil.c	false(reach)	4.913394812	4.938821077346802	242.040832
ssh/s3_srvr.blast.02_false-unreach-call.i.cil.c	false(reach)	4.874497296	4.895945310592651	228.581376
ssh/s3_srvr.blast.03_false-unreach-call.i.cil.c	false(reach)	4.885302049	4.904986619949341	228.601856
ssh/s3_srvr.blast.04_false-unreach-call.i.cil.c	false(reach)	4.913302243	4.956915616989136	227.807232
ssh/s3_srvr.blast.06_false-unreach-call.i.cil.c	false(reach)	5.246597716	5.265158653259277	230.891520
ssh/s3_srvr.blast.07_false-unreach-call.i.cil.c	false(reach)	5.109579274	5.135061740875244	233.541632
ssh/s3_srvr.blast.08_false-unreach-call.i.cil.c	false(reach)	15.381954437	15.427675008773804	461.254656
ssh/s3_srvr.blast.09_false-unreach-call.i.cil.c	false(reach)	5.143078347	5.1683783531188965	233.463808
ssh/s3_srvr.blast.10_false-unreach-call.i.cil.c	false(reach)	14.925578782	14.959416151046753	459.161600
ssh/s3_srvr.blast.11_false-unreach-call.i.cil.c	false(reach)	5.235507166	5.263005018234253	233.922560
ssh/s3_srvr.blast.12_false-unreach-call.i.cil.c	false(reach)	4.962122702	4.994945764541626	229.355520
ssh/s3_srvr.blast.13_false-unreach-call.i.cil.c	false(reach)	5.251421087	5.275012731552124	232.308736
ssh/s3_srvr.blast.14_false-unreach-call.i.cil.c	false(reach)	4.983162626	5.020416736602783	229.531648
ssh/s3_srvr.blast.15_false-unreach-call.i.cil.c	false(reach)	15.453202004	15.496248722076416	463.335424
ssh/s3_srvr.blast.16_false-unreach-call.i.cil.c	false(reach)	5.215547897	5.264347791671753	229.433344
ssh/s3_clnt.blast.01_true-unreach-call.i.cil.c	TIMEOUT	60.074326765	60.120521068573	702.951424
ssh/s3_clnt.blast.02_true-unreach-call.i.cil.c	TIMEOUT	60.045732969	60.49468970298767	654.196736
ssh/s3_clnt.blast.03_true-unreach-call.i.cil.c	TIMEOUT	60.051921303	60.406805992126465	654.397440
ssh/s3_clnt.blast.04_true-unreach-call.i.cil.c	TIMEOUT	60.048358659	60.438863039016724	656.076800
ssh/s3_srvr.blast.01_true-unreach-call.i.cil.c	TIMEOUT	60.041330401	60.398273944854736	843.345920
ssh/s3_srvr.blast.02_true-unreach-call.i.cil.c	TIMEOUT	60.040039615	60.39540433883667	796.418048
ssh/s3_srvr.blast.06_true-unreach-call.i.cil.c	TIMEOUT	60.08266345	60.395188093185425	783.564800
ssh/s3_srvr.blast.07_true-unreach-call.i.cil.c	TIMEOUT	60.02559213	60.478689432144165	811.438080
ssh/s3_srvr.blast.08_true-unreach-call.i.cil.c	TIMEOUT	60.103748671	60.17094540596008	799.137792
ssh/s3_srvr.blast.09_true-unreach-call.i.cil.c	TIMEOUT	60.037022598	60.386581897735596	816.816128
ssh/s3_srvr.blast.10_true-unreach-call.i.cil.c	TIMEOUT	60.038241479	60.39663076400757	796.602368
ssh/s3_srvr.blast.11_true-unreach-call.i.cil.c	TIMEOUT	60.050778681	60.15185523033142	814.174208
ssh/s3_srvr.blast.12_true-unreach-call.i.cil.c	TIMEOUT	60.062430583	60.11725926399231	803.172352
ssh/s3_srvr.blast.13_true-unreach-call.i.cil.c	TIMEOUT	60.065674452	60.111292600631714	816.447488
ssh/s3_srvr.blast.14_true-unreach-call.i.cil.c	TIMEOUT	60.061895485	60.10968255996704	803.966976
ssh/s3_srvr.blast.15_true-unreach-call.i.cil.c	TIMEOUT	60.77946326	61.52742862701416	801.054720
ssh/s3_srvr.blast.16_true-unreach-call.i.cil.c	TIMEOUT	60.041905289	60.13985848426819	807.804928