{
 "head": {
  "branch": null,
  "date": {
   "content": [
    [
     "2015-12-11 12:11:02 CET",
     4
    ]
   ],
   "id": "date",
   "name": "Date of execution"
  },
  "displayName": null,
  "host": {
   "content": [
    [
     "tortuga",
     4
    ]
   ],
   "id": "host",
   "name": "Host"
  },
  "limit": {
   "content": [
    [
     "timelimit: 60 s, memlimit: 4000 MB, CPU core limit: 2",
     4
    ]
   ],
   "id": "limits",
   "name": "Limits"
  },
  "options": null,
  "os": {
   "content": [
    [
     "Linux 3.13.0-71-generic x86_64",
     4
    ]
   ],
   "id": "os",
   "name": "OS"
  },
  "property": {
   "content": [
    [
     "unreach-call",
     4
    ]
   ],
   "id": "property",
   "name": "Properties"
  },
  "runset": {
   "content": [
    [
     "cbmc",
     4
    ]
   ],
   "id": "run",
   "name": "Run set"
  },
  "system": {
   "content": [
    [
     "CPU: Intel Core i7-2600 CPU @ 3.40GHz, cores: 8, frequency: 3401 MHz, Turbo Boost: enabled; RAM: 16783 MB",
     4
    ]
   ],
   "id": "system",
   "name": "System"
  },
  "task_id_names": [
   "Task name"
  ],
  "title": {
   "content": [
    [
     "status",
     1
    ],
    [
     "cputime (s)",
     1
    ],
    [
     "walltime (s)",
     1
    ],
    [
     "memory (MB)",
     1
    ]
   ],
   "id": "columnTitles",
   "name": "https://sosy-lab.github.io/benchexec/example-table/test/programs/benchmarks/"
  },
  "tool": {
   "content": [
    [
     "CBMC ",
     4
    ]
   ],
   "id": "tool",
   "name": "Tool"
  }
 },
 "initial": null,
 "rows": [
  {
   "href": "https://sosy-lab.github.io/benchexec/example-table/test/programs/benchmarks/ntdrivers/cdaudio_false-unreach-call.i.cil.c",
   "id": [
    "ntdrivers/cdaudio_false-unreach-call.i.cil.c"
   ],
   "results": [
    {
     "category": "error",
     "href": "https://sosy-lab.github.io/benchexec/example-table/cbmc.2015-12-11_1211.logfiles/cdaudio_false-unreach-call.i.cil.c.log",
     "values": [
      {
       "raw": "TIMEOUT"
      },
      {
       "html": "60.1&#x2007;",
       "raw": "60.09630458"
      },
      {
       "html": "60.1&#x2007;",
       "raw": "60.07749915122986"
      },
      {
       "html": "987",
       "raw": "986.857472"
      }
     ]
    }
   ]
  },
  {
   "href": "https://sosy-lab.github.io/benchexec/example-table/test/programs/benchmarks/ntdrivers/diskperf_false-unreach-call.i.cil.c",
   "id": [
    "ntdrivers/diskperf_false-unreach-call.i.cil.c"
   ],
   "results": [
    {
     "category": "correct",
     "href": "https://sosy-lab.github.io/benchexec/example-table/cbmc.2015-12-11_1211.logfiles/diskperf_false-unreach-call.i.cil.c.log",
     "values": [
      {
       "raw": "false(reach)"
      },
      {
       "html": "1.24",
       "raw": "1.240757859"
      },
      {
       "html": "1.26",
       "raw": "1.2597875595092773"
      },
      {
       "html": "104",
       "raw": "104.386560"
      }
     ]
    }
   ]
  },
  {
   "href": "https://sosy-lab.github.io/benchexec/example-table/test/programs/benchmarks/ntdrivers/floppy_false-unreach-call.i.cil.c",
   "id": [
    "ntdrivers/floppy_false-unreach-call.i.cil.c"
   ],
   "results": [
    {
     "category": "correct",
     "href": "https://sosy-lab.github.io/benchexec/example-table/cbmc.2015-12-11_1211.logfiles/floppy_false-unreach-call.i.cil.c.log",
     "values": [
      {
       "raw": "false(reach)"
      },
      {
       "html": "3.10",
       "raw": "3.096028302"
      },
      {
       "html": "3.11",
       "raw": "3.1074421405792236"
      },
      {
       "html": "140",
       "raw": "139.542528"
      }
     ]
    }
   ]
  },
  {
   "href": "https://sosy-lab.github.io/benchexec/example-table/test/programs/benchmarks/ntdrivers/kbfiltr_false-unreach-call.i.cil.c",
   "id": [
    "ntdrivers/kbfiltr_false-unreach-call.i.cil.c"
   ],
   "results": [
    {
     "category": "error",
     "href": "https://sosy-lab.github.io/benchexec/example-table/cbmc.2015-12-11_1211.logfiles/kbfiltr_false-unreach-call.i.cil.c.log",
     "values": [
      {
       "raw": "TIMEOUT"
      },
      {
       "html": "60.1&#x2007;",
       "raw": "60.092660997"
      },
      {
       "html": "60.1&#x2007;",
       "raw": "60.08262658119202"
      },
      {
       "html": "573",
       "raw": "573.120512"
      }
     ]
    }
   ]
  },
  {
   "href": "https://sosy-lab.github.io/benchexec/example-table/test/programs/benchmarks/ntdrivers/parport_false-unreach-call.i.cil.c",
   "id": [
    "ntdrivers/parport_false-unreach-call.i.cil.c"
   ],
   "results": [
    {
     "category": "correct",
     "href": "https://sosy-lab.github.io/benchexec/example-table/cbmc.2015-12-11_1211.logfiles/parport_false-unreach-call.i.cil.c.log",
     "values": [
      {
       "raw": "false(reach)"
      },
      {
       "html": "13.0&#x2007;",
       "raw": "12.973295797"
      },
      {
       "html": "13.3&#x2007;",
       "raw": "13.312453746795654"
      },
      {
       "html": "676",
       "raw": "676.438016"
      }
     ]
    }
   ]
  },
  {
   "href": "https://sosy-lab.github.io/benchexec/example-table/test/programs/benchmarks/ntdrivers/cdaudio_true-unreach-call.i.cil.c",
   "id": [
    "ntdrivers/cdaudio_true-unreach-call.i.cil.c"
   ],
   "results": [
    {
     "category": "error",
     "href": "https://sosy-lab.github.io/benchexec/example-table/cbmc.2015-12-11_1211.logfiles/cdaudio_true-unreach-call.i.cil.c.log",
     "values": [
      {
       "raw": "TIMEOUT"
      },
      {
       "html": "60.1&#x2007;",
       "raw": "60.087701827"
      },
      {
       "html": "60.4&#x2007;",
       "raw": "60.36625409126282"
      },
      {
       "html": "993",
       "raw": "992.849920"
      }
     ]
    }
   ]
  },
  {
   "href": "https://sosy-lab.github.io/benchexec/example-table/test/programs/benchmarks/ntdrivers/diskperf_true-unreach-call.i.cil.c",
   "id": [
    "ntdrivers/diskperf_true-unreach-call.i.cil.c"
   ],
   "results": [
    {
     "category": "error",
     "href": "https://sosy-lab.github.io/benchexec/example-table/cbmc.2015-12-11_1211.logfiles/diskperf_true-unreach-call.i.cil.c.log",
     "values": [
      {
       "raw": "TIMEOUT"
      },
      {
       "html": "60.2&#x2007;",
       "raw": "60.16850488"
      },
      {
       "html": "60.1&#x2007;",
       "raw": "60.147191286087036"
      },
      {
       "html": "3500",
       "raw": "3500.752896"
      }
     ]
    }
   ]
  },
  {
   "href": "https://sosy-lab.github.io/benchexec/example-table/test/programs/benchmarks/ntdrivers/floppy2_true-unreach-call.i.cil.c",
   "id": [
    "ntdrivers/floppy2_true-unreach-call.i.cil.c"
   ],
   "results": [
    {
     "category": "error",
     "href": "https://sosy-lab.github.io/benchexec/example-table/cbmc.2015-12-11_1211.logfiles/floppy2_true-unreach-call.i.cil.c.log",
     "values": [
      {
       "raw": "TIMEOUT"
      },
      {
       "html": "60.1&#x2007;",
       "raw": "60.108787107"
      },
      {
       "html": "60.0&#x2007;",
       "raw": "60.003472089767456"
      },
      {
       "html": "989",
       "raw": "989.302784"
      }
     ]
    }
   ]
  },
  {
   "href": "https://sosy-lab.github.io/benchexec/example-table/test/programs/benchmarks/ntdrivers/floppy_true-unreach-call.i.cil.c",
   "id": [
    "ntdrivers/floppy_true-unreach-call.i.cil.c"
   ],
   "results": [
    {
     "category": "error",
     "href": "https://sosy-lab.github.io/benchexec/example-table/cbmc.2015-12-11_1211.logfiles/floppy_true-unreach-call.i.cil.c.log",
     "values": [
      {
       "raw": "TIMEOUT"
      },
      {
       "html": "60.0&#x2007;",
       "raw": "60.01963848"
      },
      {
       "html": "60.4&#x2007;",
       "raw": "60.35510444641113"
      },
      {
       "html": "391",
       "raw": "390.643712"
      }
     ]
    }
   ]
  },
  {
   "href": "https://sosy-lab.github.io/benchexec/example-table/test/programs/benchmarks/ntdrivers/parport_true-unreach-call.i.cil.c",
   "id": [
    "ntdrivers/parport_true-unreach-call.i.cil.c"
   ],
   "results": [
    {
     "category": "error",
     "href": "https://sosy-lab.github.io/benchexec/example-table/cbmc.2015-12-11_1211.logfiles/parport_true-unreach-call.i.cil.c.log",
     "values": [
      {
       "raw": "TIMEOUT"
      },
      {
       "html": "61.1&#x2007;",
       "raw": "61.056848841"
      },
      {
       "html": "61.7&#x2007;",
       "raw": "61.702879905700684"
      },
      {
       "html": "2180",
       "raw": "2175.901696"
      }
     ]
    }
   ]
  },
  {
   "href": "https://sosy-lab.github.io/benchexec/example-table/test/programs/benchmarks/ssh/s3_clnt.blast.01_false-unreach-call.i.cil.c",
   "id": [
    "ssh/s3_clnt.blast.01_false-unreach-call.i.cil.c"
   ],
   "results": [
    {
     "category": "correct",
     "href": "https://sosy-lab.github.io/benchexec/example-table/cbmc.2015-12-11_1211.logfiles/s3_clnt.blast.01_false-unreach-call.i.cil.c.log",
     "values": [
      {
       "raw": "false(reach)"
      },
      {
       "html": "11.6&#x2007;",
       "raw": "11.632186042"
      },
      {
       "html": "12.0&#x2007;",
       "raw": "11.959893941879272"
      },
      {
       "html": "411",
       "raw": "411.250688"
      }
     ]
    }
   ]
  },
  {
   "href": "https://sosy-lab.github.io/benchexec/example-table/test/programs/benchmarks/ssh/s3_clnt.blast.02_false-unreach-call.i.cil.c",
   "id": [
    "ssh/s3_clnt.blast.02_false-unreach-call.i.cil.c"
   ],
   "results": [
    {
     "category": "correct",
     "href": "https://sosy-lab.github.io/benchexec/example-table/cbmc.2015-12-11_1211.logfiles/s3_clnt.blast.02_false-unreach-call.i.cil.c.log",
     "values": [
      {
       "raw": "false(reach)"
      },
      {
       "html": "3.79",
       "raw": "3.787719608"
      },
      {
       "html": "4.15",
       "raw": "4.14628791809082"
      },
      {
       "html": "182",
       "raw": "181.800960"
      }
     ]
    }
   ]
  },
  {
   "href": "https://sosy-lab.github.io/benchexec/example-table/test/programs/benchmarks/ssh/s3_clnt.blast.03_false-unreach-call.i.cil.c",
   "id": [
    "ssh/s3_clnt.blast.03_false-unreach-call.i.cil.c"
   ],
   "results": [
    {
     "category": "correct",
     "href": "https://sosy-lab.github.io/benchexec/example-table/cbmc.2015-12-11_1211.logfiles/s3_clnt.blast.03_false-unreach-call.i.cil.c.log",
     "values": [
      {
       "raw": "false(reach)"
      },
      {
       "html": "3.78",
       "raw": "3.782608387"
      },
      {
       "html": "3.82",
       "raw": "3.8162121772766113"
      },
      {
       "html": "182",
       "raw": "181.514240"
      }
     ]
    }
   ]
  },
  {
   "href": "https://sosy-lab.github.io/benchexec/example-table/test/programs/benchmarks/ssh/s3_clnt.blast.04_false-unreach-call.i.cil.c",
   "id": [
    "ssh/s3_clnt.blast.04_false-unreach-call.i.cil.c"
   ],
   "results": [
    {
     "category": "correct",
     "href": "https://sosy-lab.github.io/benchexec/example-table/cbmc.2015-12-11_1211.logfiles/s3_clnt.blast.04_false-unreach-call.i.cil.c.log",
     "values": [
      {
       "raw": "false(reach)"
      },
      {
       "html": "3.77",
       "raw": "3.773216768"
      },
      {
       "html": "3.79",
       "raw": "3.792773962020874"
      },
      {
       "html": "180",
       "raw": "180.371456"
      }
     ]
    }
   ]
  },
  {
   "href": "https://sosy-lab.github.io/benchexec/example-table/test/programs/benchmarks/ssh/s3_srvr.blast.01_false-unreach-call.i.cil.c",
   "id": [
    "ssh/s3_srvr.blast.01_false-unreach-call.i.cil.c"
   ],
   "results": [
    {
     "category": "correct",
     "href": "https://sosy-lab.github.io/benchexec/example-table/cbmc.2015-12-11_1211.logfiles/s3_srvr.blast.01_false-unreach-call.i.cil.c.log",
     "values": [
      {
       "raw": "false(reach)"
      },
      {
       "html": "4.91",
       "raw": "4.913394812"
      },
      {
       "html": "4.94",
       "raw": "4.938821077346802"
      },
      {
       "html": "242",
       "raw": "242.040832"
      }
     ]
    }
   ]
  },
  {
   "href": "https://sosy-lab.github.io/benchexec/example-table/test/programs/benchmarks/ssh/s3_srvr.blast.02_false-unreach-call.i.cil.c",
   "id": [
    "ssh/s3_srvr.blast.02_false-unreach-call.i.cil.c"
   ],
   "results": [
    {
     "category": "correct",
     "href": "https://sosy-lab.github.io/benchexec/example-table/cbmc.2015-12-11_1211.logfiles/s3_srvr.blast.02_false-unreach-call.i.cil.c.log",
     "values": [
      {
       "raw": "false(reach)"
      },
      {
       "html": "4.87",
       "raw": "4.874497296"
      },
      {
       "html": "4.90",
       "raw": "4.895945310592651"
      },
      {
       "html": "229",
       "raw": "228.581376"
      }
     ]
    }
   ]
  },
  {
   "href": "https://sosy-lab.github.io/benchexec/example-table/test/programs/benchmarks/ssh/s3_srvr.blast.03_false-unreach-call.i.cil.c",
   "id": [
    "ssh/s3_srvr.blast.03_false-unreach-call.i.cil.c"
   ],
   "results": [
    {
     "category": "correct",
     "href": "https://sosy-lab.github.io/benchexec/example-table/cbmc.2015-12-11_1211.logfiles/s3_srvr.blast.03_false-unreach-call.i.cil.c.log",
     "values": [
      {
       "raw": "false(reach)"
      },
      {
       "html": "4.89",
       "raw": "4.885302049"
      },
      {
       "html": "4.90",
       "raw": "4.904986619949341"
      },
      {
       "html": "229",
       "raw": "228.601856"
      }
     ]
    }
   ]
  },
  {
   "href": "https://sosy-lab.github.io/benchexec/example-table/test/programs/benchmarks/ssh/s3_srvr.blast.04_false-unreach-call.i.cil.c",
   "id": [
    "ssh/s3_srvr.blast.04_false-unreach-call.i.cil.c"
   ],
   "results": [
    {
     "category": "correct",
     "href": "https://sosy-lab.github.io/benchexec/example-table/cbmc.2015-12-11_1211.logfiles/s3_srvr.blast.04_false-unreach-call.i.cil.c.log",
     "values": [
      {
       "raw": "false(reach)"
      },
      {
       "html": "4.91",
       "raw": "4.913302243"
      },
      {
       "html": "4.96",
       "raw": "4.956915616989136"
      },
      {
       "html": "228",
       "raw": "227.807232"
      }
     ]
    }
   ]
  },
  {
   "href": "https://sosy-lab.github.io/benchexec/example-table/test/programs/benchmarks/ssh/s3_srvr.blast.06_false-unreach-call.i.cil.c",
   "id": [
    "ssh/s3_srvr.blast.06_false-unreach-call.i.cil.c"
   ],
   "results": [
    {
     "category": "correct",
     "href": "https://sosy-lab.github.io/benchexec/example-table/cbmc.2015-12-11_1211.logfiles/s3_srvr.blast.06_false-unreach-call.i.cil.c.log",
     "values": [
      {
       "raw": "false(reach)"
      },
      {
       "html": "5.25",
       "raw": "5.246597716"
      },
      {
       "html": "5.27",
       "raw": "5.265158653259277"
      },
      {
       "html": "231",
       "raw": "230.891520"
      }
     ]
    }
   ]
  },
  {
   "href": "https://sosy-lab.github.io/benchexec/example-table/test/programs/benchmarks/ssh/s3_srvr.blast.07_false-unreach-call.i.cil.c",
   "id": [
    "ssh/s3_srvr.blast.07_false-unreach-call.i.cil.c"
   ],
   "results": [
    {
     "category": "correct",
     "href": "https://sosy-lab.github.io/benchexec/example-table/cbmc.2015-12-11_1211.logfiles/s3_srvr.blast.07_false-unreach-call.i.cil.c.log",
     "values": [
      {
       "raw": "false(reach)"
      },
      {
       "html": "5.11",
       "raw": "5.109579274"
      },
      {
       "html": "5.14",
       "raw": "5.135061740875244"
      },
      {
       "html": "234",
       "raw": "233.541632"
      }
     ]
    }
   ]
  },
  {
   "href": "https://sosy-lab.github.io/benchexec/example-table/test/programs/benchmarks/ssh/s3_srvr.blast.08_false-unreach-call.i.cil.c",
   "id": [
    "ssh/s3_srvr.blast.08_false-unreach-call.i.cil.c"
   ],
   "results": [
    {
     "category": "correct",
     "href": "https://sosy-lab.github.io/benchexec/example-table/cbmc.2015-12-11_1211.logfiles/s3_srvr.blast.08_false-unreach-call.i.cil.c.log",
     "values": [
      {
       "raw": "false(reach)"
      },
      {
       "html": "15.4&#x2007;",
       "raw": "15.381954437"
      },
      {
       "html": "15.4&#x2007;",
       "raw": "15.427675008773804"
      },
      {
       "html": "461",
       "raw": "461.254656"
      }
     ]
    }
   ]
  },
  {
   "href": "https://sosy-lab.github.io/benchexec/example-table/test/programs/benchmarks/ssh/s3_srvr.blast.09_false-unreach-call.i.cil.c",
   "id": [
    "ssh/s3_srvr.blast.09_false-unreach-call.i.cil.c"
   ],
   "results": [
    {
     "category": "correct",
     "href": "https://sosy-lab.github.io/benchexec/example-table/cbmc.2015-12-11_1211.logfiles/s3_srvr.blast.09_false-unreach-call.i.cil.c.log",
     "values": [
      {
       "raw": "false(reach)"
      },
      {
       "html": "5.14",
       "raw": "5.143078347"
      },
      {
       "html": "5.17",
       "raw": "5.1683783531188965"
      },
      {
       "html": "233",
       "raw": "233.463808"
      }
     ]
    }
   ]
  },
  {
   "href": "https://sosy-lab.github.io/benchexec/example-table/test/programs/benchmarks/ssh/s3_srvr.blast.10_false-unreach-call.i.cil.c",
   "id": [
    "ssh/s3_srvr.blast.10_false-unreach-call.i.cil.c"
   ],
   "results": [
    {
     "category": "correct",
     "href": "https://sosy-lab.github.io/benchexec/example-table/cbmc.2015-12-11_1211.logfiles/s3_srvr.blast.10_false-unreach-call.i.cil.c.log",
     "values": [
      {
       "raw": "false(reach)"
      },
      {
       "html": "14.9&#x2007;",
       "raw": "14.925578782"
      },
      {
       "html": "15.0&#x2007;",
       "raw": "14.959416151046753"
      },
      {
       "html": "459",
       "raw": "459.161600"
      }
     ]
    }
   ]
  },
  {
   "href": "https://sosy-lab.github.io/benchexec/example-table/test/programs/benchmarks/ssh/s3_srvr.blast.11_false-unreach-call.i.cil.c",
   "id": [
    "ssh/s3_srvr.blast.11_false-unreach-call.i.cil.c"
   ],
   "results": [
    {
     "category": "correct",
     "href": "https://sosy-lab.github.io/benchexec/example-table/cbmc.2015-12-11_1211.logfiles/s3_srvr.blast.11_false-unreach-call.i.cil.c.log",
     "values": [
      {
       "raw": "false(reach)"
      },
      {
       "html": "5.24",
       "raw": "5.235507166"
      },
      {
       "html": "5.26",
       "raw": "5.263005018234253"
      },
      {
       "html": "234",
       "raw": "233.922560"
      }
     ]
    }
   ]
  },
  {
   "href": "https://sosy-lab.github.io/benchexec/example-table/test/programs/benchmarks/ssh/s3_srvr.blast.12_false-unreach-call.i.cil.c",
   "id": [
    "ssh/s3_srvr.blast.12_false-unreach-call.i.cil.c"
   ],
   "results": [
    {
     "category": "correct",
     "href": "https://sosy-lab.github.io/benchexec/example-table/cbmc.2015-12-11_1211.logfiles/s3_srvr.blast.12_false-unreach-call.i.cil.c.log",
     "values": [
      {
       "raw": "false(reach)"
      },
      {
       "html": "4.96",
       "raw": "4.962122702"
      },
      {
       "html": "4.99",
       "raw": "4.994945764541626"
      },
      {
       "html": "229",
       "raw": "229.355520"
      }
     ]
    }
   ]
  },
  {
   "href": "https://sosy-lab.github.io/benchexec/example-table/test/programs/benchmarks/ssh/s3_srvr.blast.13_false-unreach-call.i.cil.c",
   "id": [
    "ssh/s3_srvr.blast.13_false-unreach-call.i.cil.c"
   ],
   "results": [
    {
     "category": "correct",
     "href": "https://sosy-lab.github.io/benchexec/example-table/cbmc.2015-12-11_1211.logfiles/s3_srvr.blast.13_false-unreach-call.i.cil.c.log",
     "values": [
      {
       "raw": "false(reach)"
      },
      {
       "html": "5.25",
       "raw": "5.251421087"
      },
      {
       "html": "5.28",
       "raw": "5.275012731552124"
      },
      {
       "html": "232",
       "raw": "232.308736"
      }
     ]
    }
   ]
  },
  {
   "href": "https://sosy-lab.github.io/benchexec/example-table/test/programs/benchmarks/ssh/s3_srvr.blast.14_false-unreach-call.i.cil.c",
   "id": [
    "ssh/s3_srvr.blast.14_false-unreach-call.i.cil.c"
   ],
   "results": [
    {
     "category": "correct",
     "href": "https://sosy-lab.github.io/benchexec/example-table/cbmc.2015-12-11_1211.logfiles/s3_srvr.blast.14_false-unreach-call.i.cil.c.log",
     "values": [
      {
       "raw": "false(reach)"
      },
      {
       "html": "4.98",
       "raw": "4.983162626"
      },
      {
       "html": "5.02",
       "raw": "5.020416736602783"
      },
      {
       "html": "230",
       "raw": "229.531648"
      }
     ]
    }
   ]
  },
  {
   "href": "https://sosy-lab.github.io/benchexec/example-table/test/programs/benchmarks/ssh/s3_srvr.blast.15_false-unreach-call.i.cil.c",
   "id": [
    "ssh/s3_srvr.blast.15_false-unreach-call.i.cil.c"
   ],
   "results": [
    {
     "category": "correct",
     "href": "https://sosy-lab.github.io/benchexec/example-table/cbmc.2015-12-11_1211.logfiles/s3_srvr.blast.15_false-unreach-call.i.cil.c.log",
     "values": [
      {
       "raw": "false(reach)"
      },
      {
       "html": "15.5&#x2007;",
       "raw": "15.453202004"
      },
      {
       "html": "15.5&#x2007;",
       "raw": "15.496248722076416"
      },
      {
       "html": "463",
       "raw": "463.335424"
      }
     ]
    }
   ]
  },
  {
   "href": "https://sosy-lab.github.io/benchexec/example-table/test/programs/benchmarks/ssh/s3_srvr.blast.16_false-unreach-call.i.cil.c",
   "id": [
    "ssh/s3_srvr.blast.16_false-unreach-call.i.cil.c"
   ],
   "results": [
    {
     "category": "correct",
     "href": "https://sosy-lab.github.io/benchexec/example-table/cbmc.2015-12-11_1211.logfiles/s3_srvr.blast.16_false-unreach-call.i.cil.c.log",
     "values": [
      {
       "raw": "false(reach)"
      },
      {
       "html": "5.22",
       "raw": "5.215547897"
      },
      {
       "html": "5.26",
       "raw": "5.264347791671753"
      },
      {
       "html": "229",
       "raw": "229.433344"
      }
     ]
    }
   ]
  },
  {
   "href": "https://sosy-lab.github.io/benchexec/example-table/test/programs/benchmarks/ssh/s3_clnt.blast.01_true-unreach-call.i.cil.c",
   "id": [
    "ssh/s3_clnt.blast.01_true-unreach-call.i.cil.c"
   ],
   "results": [
    {
     "category": "error",
     "href": "https://sosy-lab.github.io/benchexec/example-table/cbmc.2015-12-11_1211.logfiles/s3_clnt.blast.01_true-unreach-call.i.cil.c.log",
     "values": [
      {
       "raw": "TIMEOUT"
      },
      {
       "html": "60.1&#x2007;",
       "raw": "60.074326765"
      },
      {
       "html": "60.1&#x2007;",
       "raw": "60.120521068573"
      },
      {
       "html": "703",
       "raw": "702.951424"
      }
     ]
    }
   ]
  },
  {
   "href": "https://sosy-lab.github.io/benchexec/example-table/test/programs/benchmarks/ssh/s3_clnt.blast.02_true-unreach-call.i.cil.c",
   "id": [
    "ssh/s3_clnt.blast.02_true-unreach-call.i.cil.c"
   ],
   "results": [
    {
     "category": "error",
     "href": "https://sosy-lab.github.io/benchexec/example-table/cbmc.2015-12-11_1211.logfiles/s3_clnt.blast.02_true-unreach-call.i.cil.c.log",
     "values": [
      {
       "raw": "TIMEOUT"
      },
      {
       "html": "60.0&#x2007;",
       "raw": "60.045732969"
      },
      {
       "html": "60.5&#x2007;",
       "raw": "60.49468970298767"
      },
      {
       "html": "654",
       "raw": "654.196736"
      }
     ]
    }
   ]
  },
  {
   "href": "https://sosy-lab.github.io/benchexec/example-table/test/programs/benchmarks/ssh/s3_clnt.blast.03_true-unreach-call.i.cil.c",
   "id": [
    "ssh/s3_clnt.blast.03_true-unreach-call.i.cil.c"
   ],
   "results": [
    {
     "category": "error",
     "href": "https://sosy-lab.github.io/benchexec/example-table/cbmc.2015-12-11_1211.logfiles/s3_clnt.blast.03_true-unreach-call.i.cil.c.log",
     "values": [
      {
       "raw": "TIMEOUT"
      },
      {
       "html": "60.1&#x2007;",
       "raw": "60.051921303"
      },
      {
       "html": "60.4&#x2007;",
       "raw": "60.406805992126465"
      },
      {
       "html": "654",
       "raw": "654.397440"
      }
     ]
    }
   ]
  },
  {
   "href": "https://sosy-lab.github.io/benchexec/example-table/test/programs/benchmarks/ssh/s3_clnt.blast.04_true-unreach-call.i.cil.c",
   "id": [
    "ssh/s3_clnt.blast.04_true-unreach-call.i.cil.c"
   ],
   "results": [
    {
     "category": "error",
     "href": "https://sosy-lab.github.io/benchexec/example-table/cbmc.2015-12-11_1211.logfiles/s3_clnt.blast.04_true-unreach-call.i.cil.c.log",
     "values": [
      {
       "raw": "TIMEOUT"
      },
      {
       "html": "60.0&#x2007;",
       "raw": "60.048358659"
      },
      {
       "html": "60.4&#x2007;",
       "raw": "60.438863039016724"
      },
      {
       "html": "656",
       "raw": "656.076800"
      }
     ]
    }
   ]
  },
  {
   "href": "https://sosy-lab.github.io/benchexec/example-table/test/programs/benchmarks/ssh/s3_srvr.blast.01_true-unreach-call.i.cil.c",
   "id": [
    "ssh/s3_srvr.blast.01_true-unreach-call.i.cil.c"
   ],
   "results": [
    {
     "category": "error",
     "href": "https://sosy-lab.github.io/benchexec/example-table/cbmc.2015-12-11_1211.logfiles/s3_srvr.blast.01_true-unreach-call.i.cil.c.log",
     "values": [
      {
       "raw": "TIMEOUT"
      },
      {
       "html": "60.0&#x2007;",
       "raw": "60.041330401"
      },
      {
       "html": "60.4&#x2007;",
       "raw": "60.398273944854736"
      },
      {
       "html": "843",
       "raw": "843.345920"
      }
     ]
    }
   ]
  },
  {
   "href": "https://sosy-lab.github.io/benchexec/example-table/test/programs/benchmarks/ssh/s3_srvr.blast.02_true-unreach-call.i.cil.c",
   "id": [
    "ssh/s3_srvr.blast.02_true-unreach-call.i.cil.c"
   ],
   "results": [
    {
     "category": "error",
     "href": "https://sosy-lab.github.io/benchexec/example-table/cbmc.2015-12-11_1211.logfiles/s3_srvr.blast.02_true-unreach-call.i.cil.c.log",
     "values": [
      {
       "raw": "TIMEOUT"
      },
      {
       "html": "60.0&#x2007;",
       "raw": "60.040039615"
      },
      {
       "html": "60.4&#x2007;",
       "raw": "60.39540433883667"
      },
      {
       "html": "796",
       "raw": "796.418048"
      }
     ]
    }
   ]
  },
  {
   "href": "https://sosy-lab.github.io/benchexec/example-table/test/programs/benchmarks/ssh/s3_srvr.blast.06_true-unreach-call.i.cil.c",
   "id": [
    "ssh/s3_srvr.blast.06_true-unreach-call.i.cil.c"
   ],
   "results": [
    {
     "category": "error",
     "href": "https://sosy-lab.github.io/benchexec/example-table/cbmc.2015-12-11_1211.logfiles/s3_srvr.blast.06_true-unreach-call.i.cil.c.log",
     "values": [
      {
       "raw": "TIMEOUT"
      },
      {
       "html": "60.1&#x2007;",
       "raw": "60.08266345"
      },
      {
       "html": "60.4&#x2007;",
       "raw": "60.395188093185425"
      },
      {
       "html": "784",
       "raw": "783.564800"
      }
     ]
    }
   ]
  },
  {
   "href": "https://sosy-lab.github.io/benchexec/example-table/test/programs/benchmarks/ssh/s3_srvr.blast.07_true-unreach-call.i.cil.c",
   "id": [
    "ssh/s3_srvr.blast.07_true-unreach-call.i.cil.c"
   ],
   "results": [
    {
     "category": "error",
     "href": "https://sosy-lab.github.io/benchexec/example-table/cbmc.2015-12-11_1211.logfiles/s3_srvr.blast.07_true-unreach-call.i.cil.c.log",
     "values": [
      {
       "raw": "TIMEOUT"
      },
      {
       "html": "60.0&#x2007;",
       "raw": "60.02559213"
      },
      {
       "html": "60.5&#x2007;",
       "raw": "60.478689432144165"
      },
      {
       "html": "811",
       "raw": "811.438080"
      }
     ]
    }
   ]
  },
  {
   "href": "https://sosy-lab.github.io/benchexec/example-table/test/programs/benchmarks/ssh/s3_srvr.blast.08_true-unreach-call.i.cil.c",
   "id": [
    "ssh/s3_srvr.blast.08_true-unreach-call.i.cil.c"
   ],
   "results": [
    {
     "category": "error",
     "href": "https://sosy-lab.github.io/benchexec/example-table/cbmc.2015-12-11_1211.logfiles/s3_srvr.blast.08_true-unreach-call.i.cil.c.log",
     "values": [
      {
       "raw": "TIMEOUT"
      },
      {
       "html": "60.1&#x2007;",
       "raw": "60.103748671"
      },
      {
       "html": "60.2&#x2007;",
       "raw": "60.17094540596008"
      },
      {
       "html": "799",
       "raw": "799.137792"
      }
     ]
    }
   ]
  },
  {
   "href": "https://sosy-lab.github.io/benchexec/example-table/test/programs/benchmarks/ssh/s3_srvr.blast.09_true-unreach-call.i.cil.c",
   "id": [
    "ssh/s3_srvr.blast.09_true-unreach-call.i.cil.c"
   ],
   "results": [
    {
     "category": "error",
     "href": "https://sosy-lab.github.io/benchexec/example-table/cbmc.2015-12-11_1211.logfiles/s3_srvr.blast.09_true-unreach-call.i.cil.c.log",
     "values": [
      {
       "raw": "TIMEOUT"
      },
      {
       "html": "60.0&#x2007;",
       "raw": "60.037022598"
      },
      {
       "html": "60.4&#x2007;",
       "raw": "60.386581897735596"
      },
      {
       "html": "817",
       "raw": "816.816128"
      }
     ]
    }
   ]
  },
  {
   "href": "https://sosy-lab.github.io/benchexec/example-table/test/programs/benchmarks/ssh/s3_srvr.blast.10_true-unreach-call.i.cil.c",
   "id": [
    "ssh/s3_srvr.blast.10_true-unreach-call.i.cil.c"
   ],
   "results": [
    {
     "category": "error",
     "href": "https://sosy-lab.github.io/benchexec/example-table/cbmc.2015-12-11_1211.logfiles/s3_srvr.blast.10_true-unreach-call.i.cil.c.log",
     "values": [
      {
       "raw": "TIMEOUT"
      },
      {
       "html": "60.0&#x2007;",
       "raw": "60.038241479"
      },
      {
       "html": "60.4&#x2007;",
       "raw": "60.39663076400757"
      },
      {
       "html": "797",
       "raw": "796.602368"
      }
     ]
    }
   ]
  },
  {
   "href": "https://sosy-lab.github.io/benchexec/example-table/test/programs/benchmarks/ssh/s3_srvr.blast.11_true-unreach-call.i.cil.c",
   "id": [
    "ssh/s3_srvr.blast.11_true-unreach-call.i.cil.c"
   ],
   "results": [
    {
     "category": "error",
     "href": "https://sosy-lab.github.io/benchexec/example-table/cbmc.2015-12-11_1211.logfiles/s3_srvr.blast.11_true-unreach-call.i.cil.c.log",
     "values": [
      {
       "raw": "TIMEOUT"
      },
      {
       "html": "60.1&#x2007;",
       "raw": "60.050778681"
      },
      {
       "html": "60.2&#x2007;",
       "raw": "60.15185523033142"
      },
      {
       "html": "814",
       "raw": "814.174208"
      }
     ]
    }
   ]
  },
  {
   "href": "https://sosy-lab.github.io/benchexec/example-table/test/programs/benchmarks/ssh/s3_srvr.blast.12_true-unreach-call.i.cil.c",
   "id": [
    "ssh/s3_srvr.blast.12_true-unreach-call.i.cil.c"
   ],
   "results": [
    {
     "category": "error",
     "href": "https://sosy-lab.github.io/benchexec/example-table/cbmc.2015-12-11_1211.logfiles/s3_srvr.blast.12_true-unreach-call.i.cil.c.log",
     "values": [
      {
       "raw": "TIMEOUT"
      },
      {
       "html": "60.1&#x2007;",
       "raw": "60.062430583"
      },
      {
       "html": "60.1&#x2007;",
       "raw": "60.11725926399231"
      },
      {
       "html": "803",
       "raw": "803.172352"
      }
     ]
    }
   ]
  },
  {
   "href": "https://sosy-lab.github.io/benchexec/example-table/test/programs/benchmarks/ssh/s3_srvr.blast.13_true-unreach-call.i.cil.c",
   "id": [
    "ssh/s3_srvr.blast.13_true-unreach-call.i.cil.c"
   ],
   "results": [
    {
     "category": "error",
     "href": "https://sosy-lab.github.io/benchexec/example-table/cbmc.2015-12-11_1211.logfiles/s3_srvr.blast.13_true-unreach-call.i.cil.c.log",
     "values": [
      {
       "raw": "TIMEOUT"
      },
      {
       "html": "60.1&#x2007;",
       "raw": "60.065674452"
      },
      {
       "html": "60.1&#x2007;",
       "raw": "60.111292600631714"
      },
      {
       "html": "816",
       "raw": "816.447488"
      }
     ]
    }
   ]
  },
  {
   "href": "https://sosy-lab.github.io/benchexec/example-table/test/programs/benchmarks/ssh/s3_srvr.blast.14_true-unreach-call.i.cil.c",
   "id": [
    "ssh/s3_srvr.blast.14_true-unreach-call.i.cil.c"
   ],
   "results": [
    {
     "category": "error",
     "href": "https://sosy-lab.github.io/benchexec/example-table/cbmc.2015-12-11_1211.logfiles/s3_srvr.blast.14_true-unreach-call.i.cil.c.log",
     "values": [
      {
       "raw": "TIMEOUT"
      },
      {
       "html": "60.1&#x2007;",
       "raw": "60.061895485"
      },
      {
       "html": "60.1&#x2007;",
       "raw": "60.10968255996704"
      },
      {
       "html": "804",
       "raw": "803.966976"
      }
     ]
    }
   ]
  },
  {
   "href": "https://sosy-lab.github.io/benchexec/example-table/test/programs/benchmarks/ssh/s3_srvr.blast.15_true-unreach-call.i.cil.c",
   "id": [
    "ssh/s3_srvr.blast.15_true-unreach-call.i.cil.c"
   ],
   "results": [
    {
     "category": "error",
     "href": "https://sosy-lab.github.io/benchexec/example-table/cbmc.2015-12-11_1211.logfiles/s3_srvr.blast.15_true-unreach-call.i.cil.c.log",
     "values": [
      {
       "raw": "TIMEOUT"
      },
      {
       "html": "60.8&#x2007;",
       "raw": "60.77946326"
      },
      {
       "html": "61.5&#x2007;",
       "raw": "61.52742862701416"
      },
      {
       "html": "801",
       "raw": "801.054720"
      }
     ]
    }
   ]
  },
  {
   "href": "https://sosy-lab.github.io/benchexec/example-table/test/programs/benchmarks/ssh/s3_srvr.blast.16_true-unreach-call.i.cil.c",
   "id": [
    "ssh/s3_srvr.blast.16_true-unreach-call.i.cil.c"
   ],
   "results": [
    {
     "category": "error",
     "href": "https://sosy-lab.github.io/benchexec/example-table/cbmc.2015-12-11_1211.logfiles/s3_srvr.blast.16_true-unreach-call.i.cil.c.log",
     "values": [
      {
       "raw": "TIMEOUT"
      },
      {
       "html": "60.0&#x2007;",
       "raw": "60.041905289"
      },
      {
       "html": "60.1&#x2007;",
       "raw": "60.13985848426819"
      },
      {
       "html": "808",
       "raw": "807.804928"
      }
     ]
    }
   ]
  }
 ],
 "stats": [
  {
   "content": [
    [
     {
      "sum": 46
     },
     {
      "avg": "34.6",
      "max": "61.1",
      "median": "60.0",
      "min": "1.24",
      "stdev": "26.9",
      "sum": "1590"
     },
     {
      "avg": "34.7",
      "max": "61.7",
      "median": "60.0",
      "min": "1.26",
      "stdev": "26.9",
      "sum": "1600"
     },
     {
      "avg": "626",
      "max": "3500",
      "median": "614",
      "min": "104",
      "stdev": "564",
      "sum": "28800"
     }
    ]
   ],
   "description": "",
   "id": null,
   "title": "total"
  },
  {
   "content": [
    [
     null,
     {
      "sum": "148"
     },
     {
      "sum": "1620"
     },
     null
    ]
   ],
   "description": "(This line contains some statistics from local execution. Only trust those values, if you use your own computer.)",
   "id": null,
   "title": "local summary"
  },
  {
   "content": [
    [
     {
      "sum": 22
     },
     {
      "avg": "6.67",
      "max": "15.5",
      "median": "5.05",
      "min": "1.24",
      "stdev": "4.18",
      "sum": "147"
     },
     {
      "avg": "6.74",
      "max": "15.5",
      "median": "5.08",
      "min": "1.26",
      "stdev": "4.21",
      "sum": "148"
     },
     {
      "avg": "274",
      "max": "676",
      "median": "230",
      "min": "104",
      "stdev": "131",
      "sum": "6040"
     }
    ]
   ],
   "description": "(property holds + result is true) OR (property does not hold + result is false)",
   "id": null,
   "title": "&nbsp;&nbsp;&nbsp;&nbsp;correct results"
  },
  {
   "content": [
    [
     {
      "sum": 0
     },
     null,
     null,
     null
    ]
   ],
   "description": "property holds + result is true",
   "id": null,
   "title": "&nbsp;&nbsp;&nbsp;&nbsp;&nbsp;&nbsp;&nbsp;&nbsp;correct true"
  },
  {
   "content": [
    [
     {
      "sum": 22
     },
     {
      "avg": "6.67",
      "max": "15.5",
      "median": "5.05",
      "min": "1.24",
      "stdev": "4.18",
      "sum": "147"
     },
     {
      "avg": "6.74",
      "max": "15.5",
      "median": "5.08",
      "min": "1.26",
      "stdev": "4.21",
      "sum": "148"
     },
     {
      "avg": "274",
      "max": "676",
      "median": "230",
      "min": "104",
      "stdev": "131",
      "sum": "6040"
     }
    ]
   ],
   "description": "property does not hold + result is false",
   "id": null,
   "title": "&nbsp;&nbsp;&nbsp;&nbsp;&nbsp;&nbsp;&nbsp;&nbsp;correct false"
  },
  {
   "content": [
    [
     {
      "sum": 0
     },
     null,
     null,
     null
    ]
   ],
   "description": "(property holds + result is false) OR (property does not hold + result is true)",
   "id": null,
   "title": "&nbsp;&nbsp;&nbsp;&nbsp;incorrect results"
  },
  {
   "content": [
    [
     {
      "sum": 0
     },
     null,
     null,
     null
    ]
   ],
   "description": "property does not hold + result is true",
   "id": null,
   "title": "&nbsp;&nbsp;&nbsp;&nbsp;&nbsp;&nbsp;&nbsp;&nbsp;incorrect true"
  },
  {
   "content": [
    [
     {
      "sum": 0
     },
     null,
     null,
     null
    ]
   ],
   "description": "property holds + result is false",
   "id": null,
   "title": "&nbsp;&nbsp;&nbsp;&nbsp;&nbsp;&nbsp;&nbsp;&nbsp;incorrect false"
  }
 ],
 "tools": [
  {
   "benchmarkname": "cbmc",
   "columns": [
    {
     "display_title": "status",
     "max_width": 12,
     "relevant_for_diff": false,
     "title": "status",
     "type": "status"
    },
    {
     "display_title": "cputime",
     "max_width": 7,
     "number_of_significant_digits": 3,
     "relevant_for_diff": false,
     "title": "cputime",
     "type": "measure",
     "unit": "s"
    },
    {
     "display_title": "walltime",
     "max_width": 8,
     "number_of_significant_digits": 3,
     "relevant_for_diff": false,
     "title": "walltime",
     "type": "measure",
     "unit": "s"
    },
    {
     "display_title": "memory",
     "max_width": 6,
     "number_of_significant_digits": 3,
     "relevant_for_diff": false,
     "title": "memUsage",
     "type": "measure",
     "unit": "MB"
    }
   ],
   "cores": "8",
   "cpu": "Intel Core i7-2600 CPU @ 3.40GHz",
   "cpuCores": "2",
   "date": "2015-12-11 12:11:02 CET",
   "freq": "3401 MHz",
   "generator": "BenchExec 1.5-dev",
   "host": "tortuga",
   "memlimit": "4000 MB",
   "niceName": "cbmc",
   "os": "Linux 3.13.0-71-generic x86_64",
   "ram": "16783 MB",
   "timelimit": "60 s",
   "tool": "CBMC",
   "toolmodule": "benchexec.tools.cbmc",
   "turbo": ", Turbo Boost: enabled"
  }
 ],
 "version": "(test)"
}