tool		CPAchecker 1.4-svn 15944M	CPAchecker 1.4-svn 15944M	CPAchecker 1.4-svn 15944M	CPAchecker 1.4-svn 15944M	CPAchecker 1.4-svn 15986M	CPAchecker 1.4-svn 15986M	CPAchecker 1.4-svn 15986M	CPAchecker 1.4-svn 15986M	CPAchecker 1.4-svn 15944M	CPAchecker 1.4-svn 15944M	CPAchecker 1.4-svn 15944M	CPAchecker 1.4-svn 15944M	CPAchecker 1.4-svn 15986M	CPAchecker 1.4-svn 15986M	CPAchecker 1.4-svn 15986M	CPAchecker 1.4-svn 15986M
run set		predicateAnalysis	predicateAnalysis	predicateAnalysis	predicateAnalysis	predicateAnalysis	predicateAnalysis	predicateAnalysis	predicateAnalysis	valueAnalysis	valueAnalysis	valueAnalysis	valueAnalysis	valueAnalysis	valueAnalysis	valueAnalysis	valueAnalysis
benchexec/tablegenerator/test_integration/results/		status	cputime (s)	walltime (s)	memory (MB)	status	cputime (s)	walltime (s)	memory (MB)	status	cputime (s)	walltime (s)	memory (MB)	status	cputime (s)	walltime (s)	memory (MB)
test/programs/simple/bitvectors/implicitunsignedconversion_false-unreach-label.i	unreach-label	true	2.169189428	2.1783649921417236	128.032768	true	1.858883109	1.8666319847106934	130.568192	false(reach)	2.117287256	2.1272354125976562	133.574656	false(reach)	1.816985346	1.8248498439788818	131.006464
test/programs/simple/switch_test_default_fallthrough_false-unreach-label.c	unreach-label	false(reach)	2.189887353	2.1968865394592285	129.118208	false(reach)	1.829559535	1.8350000381469727	129.966080	false(reach)	2.159436775	2.1679935455322266	131.117056	false(reach)	1.822032775	1.8298676013946533	131.072000
test/programs/simple/compoundLiteral_true-unreach-label.c	unreach-label	true	2.22954344	2.237081289291382	132.337664	true	1.949553467	1.957531213760376	129.806336	unknown	2.203966561	2.2127082347869873	130.293760	unknown	1.812178923	1.8193717002868652	130.777088
doc/examples/example.c		true	2.272238619	2.2822041511535645	129.470464	true	1.900342606	1.9080226421356201	129.441792	true	2.018490461	2.0274627208709717	126.210048	true	1.748258151	1.7559239864349365	122.847232
test/programs/simple/builtin_expect_true-unreach-label.c	unreach-label	true	2.058647067	2.0664572715759277	126.312448	true	1.850979621	1.8589563369750977	128.536576