{
 "head": {
  "branch": null,
  "date": {
   "content": [
    [
     "2015-03-03 16:13:02 CET",
     16
    ],
    [
     "2015-03-03 18:15:20 CET",
     14
    ]
   ],
   "id": "date",
   "name": "Date of execution"
  },
  "displayName": null,
  "host": {
   "content": [
    [
     "tortuga",
     30
    ]
   ],
   "id": "host",
   "name": "Host"
  },
  "limit": {
   "content": [
    [
     "timelimit: 10 s, memlimit: 3000 MB, CPU core limit: 1",
     30
    ]
   ],
   "id": "limits",
   "name": "Limits"
  },
  "options": {
   "content": [
    [
     "-noout -setprop log.consoleLevel=WARNING -predicateAnalysis",
     8
    ],
    [
     "-noout -setprop log.consoleLevel=WARNING -valueAnalysis",
     8
    ],
    [
     "-noout -setprop log.consoleLevel=WARNING -predicateAnalysis",
     7
    ],
    [
     "-noout -setprop log.consoleLevel=WARNING -valueAnalysis",
     7
    ]
   ],
   "id": "options",
   "name": "Options"
  },
  "os": {
   "content": [
    [
     "Linux 3.13.0-45-generic x86_64",
     30
    ]
   ],
   "id": "os",
   "name": "OS"
  },
  "property": null,
  "runset": {
   "content": [
    [
     "predicateAnalysis",
     8
    ],
    [
     "valueAnalysis",
     8
    ],
    [
     "predicateAnalysis",
     7
    ],
    [
     "valueAnalysis",
     7
    ]
   ],
   "id": "run",
   "name": "Run set"
  },
  "system": {
   "content": [
    [
     "CPU: Intel Core i7-2600 CPU @ 3.40GHz, cores: 8, frequency: 3401 MHz; RAM: 16389384 kB",
     30
    ]
   ],
   "id": "system",
   "name": "System"
  },
  "task_id_names": [
   "Task name",
   "Property"
  ],
  "title": {
   "content": [
    [
     "status",
     1
    ],
    [
     "category",
     1
    ],
    [
     "score",
     1
    ],
    [
     "cputime (s)",
     1
    ],
    [
     "setup (s)",
     1
    ],
    [
     "non-existent",
     1
    ],
    [
     "SMT time (s)",
     1
    ],
    [
     "variable count",
     1
    ],
    [
     "status",
     1
    ],
    [
     "category",
     1
    ],
    [
     "score",
     1
    ],
    [
     "cputime (s)",
     1
    ],
    [
     "setup (s)",
     1
    ],
    [
     "non-existent",
     1
    ],
    [
     "SMT time",
     1
    ],
    [
     "variable count",
     1
    ],
    [
     "status",
     1
    ],
    [
     "category",
     1
    ],
    [
     "score",
     1
    ],
    [
     "cputime (s)",
     1
    ],
    [
     "analysis (s)",
     1
    ],
    [
     "non-existent",
     1
    ],
    [
     "SMT time (s)",
     1
    ],
    [
     "status",
     1
    ],
    [
     "category",
     1
    ],
    [
     "score",
     1
    ],
    [
     "cputime (s)",
     1
    ],
    [
     "analysis (s)",
     1
    ],
    [
     "non-existent",
     1
    ],
    [
     "variable count",
     1
    ]
   ],
   "id": "columnTitles",
   "name": "benchexec/tablegenerator/test_integration/results/"
  },
  "tool": {
   "content": [
    [
     "CPAchecker 1.4-svn 15944M",
     16
    ],
    [
     "CPAchecker 1.4-svn 15986M",
     14
    ]
   ],
   "id": "tool",
   "name": "Tool"
  }
 },
 "initial": null,
 "rows": [
  {
   "href": "../results/test/programs/simple/bitvectors/implicitunsignedconversion_false-unreach-label.i",
   "id": [
    "test/programs/simple/bitvectors/implicitunsignedconversion_false-unreach-label.i",
    "unreach-label"
   ],
   "results": [
    {
     "category": "wrong",
     "href": "../results/test.2015-03-03_1613.logfiles/predicateAnalysis.implicitunsignedconversion_false-unreach-label.i.log",
     "values": [
      {
       "raw": "true"
      },
      {
       "raw": "wrong"
      },
      {},
      {
       "html": "2.17",
       "raw": "2.169189428"
      },
      {
       "html": "1.62",
       "raw": "1.624"
      },
      {},
      {
       "html": ".020",
       "raw": "0.020"
      },
      {}
     ]
    },
    {
     "category": "correct",
     "href": "../results/test.2015-03-03_1613.logfiles/valueAnalysis.implicitunsignedconversion_false-unreach-label.i.log",
     "values": [
      {
       "raw": "false(reach)"
      },
      {
       "raw": "correct"
      },
      {},
      {
       "html": "2.12",
       "raw": "2.117287256"
      },
      {
       "html": "1.41",
       "raw": "1.409"
      },
      {},
      {},
      {
       "raw": "0"
      }
     ]
    },
    {
     "category": "wrong",
     "href": "../results/test.2015-03-03_1815.logfiles/predicateAnalysis.implicitunsignedconversion_false-unreach-label.i.log",
     "values": [
      {
       "raw": "true"
      },
      {
       "raw": "wrong"
      },
      {},
      {
       "html": "1.86",
       "raw": "1.858883109"
      },
      {
       "html": ".033",
       "raw": "0.033"
      },
      {},
      {
       "html": ".015",
       "raw": "0.015"
      }
     ]
    },
    {
     "category": "correct",
     "href": "../results/test.2015-03-03_1815.logfiles/valueAnalysis.implicitunsignedconversion_false-unreach-label.i.log",
     "values": [
      {
       "raw": "false(reach)"
      },
      {
       "raw": "correct"
      },
      {},
      {
       "html": "1.82",
       "raw": "1.816985346"
      },
      {
       "html": ".164",
       "raw": "0.164"
      },
      {},
      {
       "raw": "0"
      }
     ]
    }
   ]
  },
  {
   "href": "../results/test/programs/simple/switch_test_default_fallthrough_false-unreach-label.c",
   "id": [
    "test/programs/simple/switch_test_default_fallthrough_false-unreach-label.c",
    "unreach-label"
   ],
   "results": [
    {
     "category": "correct",
     "href": "../results/test.2015-03-03_1613.logfiles/predicateAnalysis.switch_test_default_fallthrough_false-unreach-label.c.log",
     "values": [
      {
       "raw": "false(reach)"
      },
      {
       "raw": "correct"
      },
      {},
      {
       "html": "2.19",
       "raw": "2.189887353"
      },
      {
       "html": "1.59",
       "raw": "1.587"
      },
      {},
      {
       "html": ".000",
       "raw": "0.000"
      },
      {}
     ]
    },
    {
     "category": "correct",
     "href": "../results/test.2015-03-03_1613.logfiles/valueAnalysis.switch_test_default_fallthrough_false-unreach-label.c.log",
     "values": [
      {
       "raw": "false(reach)"
      },
      {
       "raw": "correct"
      },
      {},
      {
       "html": "2.16",
       "raw": "2.159436775"
      },
      {
       "html": "1.44",
       "raw": "1.438"
      },
      {},
      {},
      {
       "raw": "0"
      }
     ]
    },
    {
     "category": "correct",
     "href": "../results/test.2015-03-03_1815.logfiles/predicateAnalysis.switch_test_default_fallthrough_false-unreach-label.c.log",
     "values": [
      {
       "raw": "false(reach)"
      },
      {
       "raw": "correct"
      },
      {},
      {
       "html": "1.83",
       "raw": "1.829559535"
      },
      {
       "html": ".070",
       "raw": "0.070"
      },
      {},
      {
       "html": ".000",
       "raw": "0.000"
      }
     ]
    },
    {
     "category": "correct",
     "href": "../results/test.2015-03-03_1815.logfiles/valueAnalysis.switch_test_default_fallthrough_false-unreach-label.c.log",
     "values": [
      {
       "raw": "false(reach)"
      },
      {
       "raw": "correct"
      },
      {},
      {
       "html": "1.82",
       "raw": "1.822032775"
      },
      {
       "html": ".160",
       "raw": "0.160"
      },
      {},
      {
       "raw": "0"
      }
     ]
    }
   ]
  },
  {
   "href": "../results/test/programs/simple/compoundLiteral_true-unreach-label.c",
   "id": [
    "test/programs/simple/compoundLiteral_true-unreach-label.c",
    "unreach-label"
   ],
   "results": [
    {
     "category": "correct",
     "href": "../results/test.2015-03-03_1613.logfiles/predicateAnalysis.compoundLiteral_true-unreach-label.c.log",
     "values": [
      {
       "raw": "true"
      },
      {
       "raw": "correct"
      },
      {},
      {
       "html": "2.23",
       "raw": "2.22954344"
      },
      {
       "html": "1.67",
       "raw": "1.665"
      },
      {},
      {
       "html": ".018",
       "raw": "0.018"
      },
      {}
     ]
    },
    {
     "category": "unknown",
     "href": "../results/test.2015-03-03_1613.logfiles/valueAnalysis.compoundLiteral_true-unreach-label.c.log",
     "values": [
      {
       "raw": "unknown"
      },
      {
       "raw": "unknown"
      },
      {},
      {
       "html": "2.20",
       "raw": "2.203966561"
      },
      {
       "html": "1.49",
       "raw": "1.491"
      },
      {},
      {},
      {
       "raw": "0"
      }
     ]
    },
    {
     "category": "correct",
     "href": "../results/test.2015-03-03_1815.logfiles/predicateAnalysis.compoundLiteral_true-unreach-label.c.log",
     "values": [
      {
       "raw": "true"
      },
      {
       "raw": "correct"
      },
      {},
      {
       "html": "1.95",
       "raw": "1.949553467"
      },
      {
       "html": ".037",
       "raw": "0.037"
      },
      {},
      {
       "html": ".015",
       "raw": "0.015"
      }
     ]
    },
    {
     "category": "unknown",
     "href": "../results/test.2015-03-03_1815.logfiles/valueAnalysis.compoundLiteral_true-unreach-label.c.log",
     "values": [
      {
       "raw": "unknown"
      },
      {
       "raw": "unknown"
      },
      {},
      {
       "html": "1.81",
       "raw": "1.812178923"
      },
      {
       "html": ".167",
       "raw": "0.167"
      },
      {},
      {
       "raw": "0"
      }
     ]
    }
   ]
  },
  {
   "href": "../results/doc/examples/example.c",
   "id": [
    "doc/examples/example.c"
   ],
   "results": [
    {
     "category": "missing",
     "href": "../results/test.2015-03-03_1613.logfiles/predicateAnalysis.example.c.log",
     "values": [
      {
       "raw": "true"
      },
      {
       "raw": "missing"
      },
      {},
      {
       "html": "2.27",
       "raw": "2.272238619"
      },
      {
       "html": "1.64",
       "raw": "1.644"
      },
      {},
      {
       "html": ".032",
       "raw": "0.032"
      },
      {}
     ]
    },
    {
     "category": "missing",
     "href": "../results/test.2015-03-03_1613.logfiles/valueAnalysis.example.c.log",
     "values": [
      {
       "raw": "true"
      },
      {
       "raw": "missing"
      },
      {},
      {
       "html": "2.02",
       "raw": "2.018490461"
      },
      {
       "html": "1.38",
       "raw": "1.377"
      },
      {},
      {},
      {
       "raw": "212"
      }
     ]
    },
    {
     "category": "missing",
     "href": "../results/test.2015-03-03_1815.logfiles/predicateAnalysis.example.c.log",
     "values": [
      {
       "raw": "true"
      },
      {
       "raw": "missing"
      },
      {},
      {
       "html": "1.90",
       "raw": "1.900342606"
      },
      {
       "html": ".091",
       "raw": "0.091"
      },
      {},
      {
       "html": ".025",
       "raw": "0.025"
      }
     ]
    },
    {
     "category": "missing",
     "href": "../results/test.2015-03-03_1815.logfiles/valueAnalysis.example.c.log",
     "values": [
      {
       "raw": "true"
      },
      {
       "raw": "missing"
      },
      {},
      {
       "html": "1.75",
       "raw": "1.748258151"
      },
      {
       "html": ".105",
       "raw": "0.105"
      },
      {},
      {
       "raw": "212"
      }
     ]
    }
   ]
  },
  {
   "href": "../results/test/programs/simple/builtin_expect_true-unreach-label.c",
   "id": [
    "test/programs/simple/builtin_expect_true-unreach-label.c",
    "unreach-label"
   ],
   "results": [
    {
     "category": "correct",
     "href": "../results/test.2015-03-03_1613.logfiles/predicateAnalysis.builtin_expect_true-unreach-label.c.log",
     "values": [
      {
       "raw": "true"
      },
      {
       "raw": "correct"
      },
      {},
      {
       "html": "2.06",
       "raw": "2.058647067"
      },
      {
       "html": "1.49",
       "raw": "1.493"
      },
      {},
      {
       "html": ".011",
       "raw": "0.011"
      },
      {}
     ]
    },
    {
     "category": "empty",
     "values": [
      {},
      {},
      {},
      {},
      {},
      {},
      {},
      {}
     ]
    },
    {
     "category": "correct",
     "href": "../results/test.2015-03-03_1815.logfiles/predicateAnalysis.builtin_expect_true-unreach-label.c.log",
     "values": [
      {
       "raw": "true"
      },
      {
       "raw": "correct"
      },
      {},
      {
       "html": "1.85",
       "raw": "1.850979621"
      },
      {
       "html": ".024",
       "raw": "0.024"
      },
      {},
      {
       "html": ".006",
       "raw": "0.006"
      }
     ]
    },
    {
     "category": "empty",
     "values": [
      {},
      {},
      {},
      {},
      {},
      {},
      {}
     ]
    }
   ]
  }
 ],
 "stats": [
  {
   "content": [
    [
     {
      "sum": 5
     },
     null,
     null,
     {
      "avg": "2.18",
      "max": "2.27",
      "median": "2.19",
      "min": "2.06",
      "stdev": "0.0719",
      "sum": "10.9&#x2007;"
     },
     {
      "avg": "1.60",
      "max": "1.67",
      "median": "1.62",
      "min": "1.49",
      "stdev": "0.0605",
      "sum": "8.01"
     },
     null,
     {
      "avg": "0.0162",
      "max": "0.032",
      "median": "0.018",
      "min": "0.000",
      "stdev": "0.0106",
      "sum": ".081"
     },
     null
    ],
    [
     {
      "sum": 4
     },
     null,
     null,
     {
      "avg": "2.12",
      "max": "2.20",
      "median": "2.14",
      "min": "2.02",
      "stdev": "0.0686",
      "sum": "8.50"
     },
     {
      "avg": "1.43",
      "max": "1.49",
      "median": "1.42",
      "min": "1.38",
      "stdev": "0.0419",
      "sum": "5.72"
     },
     null,
     null,
     {
      "avg": "53.00",
      "max": "212",
      "median": "0",
      "min": "0",
      "stdev": "91.80",
      "sum": "212"
     }
    ],
    [
     {
      "sum": 5
     },
     null,
     null,
     {
      "avg": "1.88",
      "max": "1.95",
      "median": "1.86",
      "min": "1.83",
      "stdev": "0.0426",
      "sum": "9.39"
     },
     {
      "avg": "0.051",
      "max": "0.091",
      "median": "0.037",
      "min": "0.024",
      "stdev": "0.0253",
      "sum": ".255"
     },
     null,
     {
      "avg": "0.0122",
      "max": "0.025",
      "median": "0.015",
      "min": "0.000",
      "stdev": "0.00857",
      "sum": ".061"
     }
    ],
    [
     {
      "sum": 4
     },
     null,
     null,
     {
      "avg": "1.80",
      "max": "1.82",
      "median": "1.81",
      "min": "1.75",
      "stdev": "0.0300",
      "sum": "7.20"
     },
     {
      "avg": "0.149",
      "max": "0.167",
      "median": "0.162",
      "min": "0.105",
      "stdev": "0.0255",
      "sum": ".596"
     },
     null,
     {
      "avg": "53.00",
      "max": "212",
      "median": "0",
      "min": "0",
      "stdev": "91.80",
      "sum": "212"
     }
    ]
   ],
   "description": "",
   "id": null,
   "title": "total"
  },
  {
   "content": [
    [
     null,
     null,
     null,
     {
      "sum": "10.9&#x2007;"
     },
     null,
     null,
     null,
     null
    ],
    [
     null,
     null,
     null,
     {
      "sum": "8.51"
     },
     null,
     null,
     null,
     null
    ],
    [
     null,
     null,
     null,
     {
      "sum": "9.40"
     },
     null,
     null,
     null
    ],
    [
     null,
     null,
     null,
     {
      "sum": "7.21"
     },
     null,
     null,
     null
    ]
   ],
   "description": "(This line contains some statistics from local execution. Only trust those values, if you use your own computer.)",
   "id": null,
   "title": "local summary"
  },
  {
   "content": [
    [
     {
      "sum": 3
     },
     null,
     null,
     {
      "avg": "2.16",
      "max": "2.23",
      "median": "2.19",
      "min": "2.06",
      "stdev": "0.0730",
      "sum": "6.48"
     },
     {
      "avg": "1.58",
      "max": "1.67",
      "median": "1.59",
      "min": "1.49",
      "stdev": "0.0703",
      "sum": "4.75"
     },
     null,
     {
      "avg": "0.00967",
      "max": "0.018",
      "median": "0.011",
      "min": "0.000",
      "stdev": "0.00741",
      "sum": ".029"
     },
     null
    ],
    [
     {
      "sum": 2
     },
     null,
     null,
     {
      "avg": "2.14",
      "max": "2.16",
      "median": "2.14",
      "min": "2.12",
      "stdev": "0.0211",
      "sum": "4.28"
     },
     {
      "avg": "1.42",
      "max": "1.44",
      "median": "1.42",
      "min": "1.41",
      "stdev": "0.0145",
      "sum": "2.85"
     },
     null,
     null,
     {
      "avg": "0.00",
      "max": "0",
      "median": "0",
      "min": "0",
      "stdev": "0.00",
      "sum": "0"
     }
    ],
    [
     {
      "sum": 3
     },
     null,
     null,
     {
      "avg": "1.88",
      "max": "1.95",
      "median": "1.85",
      "min": "1.83",
      "stdev": "0.0523",
      "sum": "5.63"
     },
     {
      "avg": "0.0437",
      "max": "0.070",
      "median": "0.037",
      "min": "0.024",
      "stdev": "0.0194",
      "sum": ".131"
     },
     null,
     {
      "avg": "0.007",
      "max": "0.015",
      "median": "0.006",
      "min": "0.000",
      "stdev": "0.00616",
      "sum": ".021"
     }
    ],
    [
     {
      "sum": 2
     },
     null,
     null,
     {
      "avg": "1.82",
      "max": "1.82",
      "median": "1.82",
      "min": "1.82",
      "stdev": "0.00252",
      "sum": "3.64"
     },
     {
      "avg": "0.162",
      "max": "0.164",
      "median": "0.162",
      "min": "0.160",
      "stdev": "0.00200",
      "sum": ".324"
     },
     null,
     {
      "avg": "0.00",
      "max": "0",
      "median": "0",
      "min": "0",
      "stdev": "0.00",
      "sum": "0"
     }
    ]
   ],
   "description": "(property holds + result is true) OR (property does not hold + result is false)",
   "id": null,
   "title": "&nbsp;&nbsp;&nbsp;&nbsp;correct results"
  },
  {
   "content": [
    [
     {
      "sum": 2
     },
     null,
     null,
     {
      "avg": "2.14",
      "max": "2.23",
      "median": "2.14",
      "min": "2.06",
      "stdev": "0.0854",
      "sum": "4.29"
     },
     {
      "avg": "1.58",
      "max": "1.67",
      "median": "1.58",
      "min": "1.49",
      "stdev": "0.0860",
      "sum": "3.16"
     },
     null,
     {
      "avg": "0.0145",
      "max": "0.018",
      "median": "0.0145",
      "min": "0.011",
      "stdev": "0.00350",
      "sum": ".029"
     },
     null
    ],
    [
     {
      "sum": 0
     },
     null,
     null,
     null,
     null,
     null,
     null,
     null
    ],
    [
     {
      "sum": 2
     },
     null,
     null,
     {
      "avg": "1.90",
      "max": "1.95",
      "median": "1.90",
      "min": "1.85",
      "stdev": "0.0493",
      "sum": "3.80"
     },
     {
      "avg": "0.0305",
      "max": "0.037",
      "median": "0.0305",
      "min": "0.024",
      "stdev": "0.00650",
      "sum": ".061"
     },
     null,
     {
      "avg": "0.0105",
      "max": "0.015",
      "median": "0.0105",
      "min": "0.006",
      "stdev": "0.00450",
      "sum": ".021"
     }
    ],
    [
     {
      "sum": 0
     },
     null,
     null,
     null,
     null,
     null,
     null
    ]
   ],
   "description": "property holds + result is true",
   "id": null,
   "title": "&nbsp;&nbsp;&nbsp;&nbsp;&nbsp;&nbsp;&nbsp;&nbsp;correct true"
  },
  {
   "content": [
    [
     {
      "sum": 1
     },
     null,
     null,
     {
      "avg": "2.19",
      "max": "2.19",
      "median": "2.19",
      "min": "2.19",
      "stdev": "0.000",
      "sum": "2.19"
     },
     {
      "avg": "1.59",
      "max": "1.59",
      "median": "1.59",
      "min": "1.59",
      "stdev": "0.000",
      "sum": "1.59"
     },
     null,
     {
      "avg": "0.000",
      "max": "0.000",
      "median": "0.000",
      "min": "0.000",
      "stdev": "0.000",
      "sum": ".000"
     },
     null
    ],
    [
     {
      "sum": 2
     },
     null,
     null,
     {
      "avg": "2.14",
      "max": "2.16",
      "median": "2.14",
      "min": "2.12",
      "stdev": "0.0211",
      "sum": "4.28"
     },
     {
      "avg": "1.42",
      "max": "1.44",
      "median": "1.42",
      "min": "1.41",
      "stdev": "0.0145",
      "sum": "2.85"
     },
     null,
     null,
     {
      "avg": "0.00",
      "max": "0",
      "median": "0",
      "min": "0",
      "stdev": "0.00",
      "sum": "0"
     }
    ],
    [
     {
      "sum": 1
     },
     null,
     null,
     {
      "avg": "1.83",
      "max": "1.83",
      "median": "1.83",
      "min": "1.83",
      "stdev": "0.000",
      "sum": "1.83"
     },
     {
      "avg": "0.070",
      "max": "0.070",
      "median": "0.070",
      "min": "0.070",
      "stdev": "0.000",
      "sum": ".070"
     },
     null,
     {
      "avg": "0.000",
      "max": "0.000",
      "median": "0.000",
      "min": "0.000",
      "stdev": "0.000",
      "sum": ".000"
     }
    ],
    [
     {
      "sum": 2
     },
     null,
     null,
     {
      "avg": "1.82",
      "max": "1.82",
      "median": "1.82",
      "min": "1.82",
      "stdev": "0.00252",
      "sum": "3.64"
     },
     {
      "avg": "0.162",
      "max": "0.164",
      "median": "0.162",
      "min": "0.160",
      "stdev": "0.00200",
      "sum": ".324"
     },
     null,
     {
      "avg": "0.00",
      "max": "0",
      "median": "0",
      "min": "0",
      "stdev": "0.00",
      "sum": "0"
     }
    ]
   ],
   "description": "property does not hold + result is false",
   "id": null,
   "title": "&nbsp;&nbsp;&nbsp;&nbsp;&nbsp;&nbsp;&nbsp;&nbsp;correct false"
  },
  {
   "content": [
    [
     {
      "sum": 1
     },
     null,
     null,
     {
      "avg": "2.17",
      "max": "2.17",
      "median": "2.17",
      "min": "2.17",
      "stdev": "0.000",
      "sum": "2.17"
     },
     {
      "avg": "1.62",
      "max": "1.62",
      "median": "1.62",
      "min": "1.62",
      "stdev": "0.000",
      "sum": "1.62"
     },
     null,
     {
      "avg": "0.020",
      "max": "0.020",
      "median": "0.020",
      "min": "0.020",
      "stdev": "0.000",
      "sum": ".020"
     },
     null
    ],
    [
     {
      "sum": 0
     },
     null,
     null,
     null,
     null,
     null,
     null,
     null
    ],
    [
     {
      "sum": 1
     },
     null,
     null,
     {
      "avg": "1.86",
      "max": "1.86",
      "median": "1.86",
      "min": "1.86",
      "stdev": "0.000",
      "sum": "1.86"
     },
     {
      "avg": "0.033",
      "max": "0.033",
      "median": "0.033",
      "min": "0.033",
      "stdev": "0.000",
      "sum": ".033"
     },
     null,
     {
      "avg": "0.015",
      "max": "0.015",
      "median": "0.015",
      "min": "0.015",
      "stdev": "0.000",
      "sum": ".015"
     }
    ],
    [
     {
      "sum": 0
     },
     null,
     null,
     null,
     null,
     null,
     null
    ]
   ],
   "description": "(property holds + result is false) OR (property does not hold + result is true)",
   "id": null,
   "title": "&nbsp;&nbsp;&nbsp;&nbsp;incorrect results"
  },
  {
   "content": [
    [
     {
      "sum": 1
     },
     null,
     null,
     {
      "avg": "2.17",
      "max": "2.17",
      "median": "2.17",
      "min": "2.17",
      "stdev": "0.000",
      "sum": "2.17"
     },
     {
      "avg": "1.62",
      "max": "1.62",
      "median": "1.62",
      "min": "1.62",
      "stdev": "0.000",
      "sum": "1.62"
     },
     null,
     {
      "avg": "0.020",
      "max": "0.020",
      "median": "0.020",
      "min": "0.020",
      "stdev": "0.000",
      "sum": ".020"
     },
     null
    ],
    [
     {
      "sum": 0
     },
     null,
     null,
     null,
     null,
     null,
     null,
     null
    ],
    [
     {
      "sum": 1
     },
     null,
     null,
     {
      "avg": "1.86",
      "max": "1.86",
      "median": "1.86",
      "min": "1.86",
      "stdev": "0.000",
      "sum": "1.86"
     },
     {
      "avg": "0.033",
      "max": "0.033",
      "median": "0.033",
      "min": "0.033",
      "stdev": "0.000",
      "sum": ".033"
     },
     null,
     {
      "avg": "0.015",
      "max": "0.015",
      "median": "0.015",
      "min": "0.015",
      "stdev": "0.000",
      "sum": ".015"
     }
    ],
    [
     {
      "sum": 0
     },
     null,
     null,
     null,
     null,
     null,
     null
    ]
   ],
   "description": "property does not hold + result is true",
   "id": null,
   "title": "&nbsp;&nbsp;&nbsp;&nbsp;&nbsp;&nbsp;&nbsp;&nbsp;incorrect true"
  },
  {
   "content": [
    [
     {
      "sum": 0
     },
     null,
     null,
     null,
     null,
     null,
     null,
     null
    ],
    [
     {
      "sum": 0
     },
     null,
     null,
     null,
     null,
     null,
     null,
     null
    ],
    [
     {
      "sum": 0
     },
     null,
     null,
     null,
     null,
     null,
     null
    ],
    [
     {
      "sum": 0
     },
     null,
     null,
     null,
     null,
     null,
     null
    ]
   ],
   "description": "property holds + result is false",
   "id": null,
   "title": "&nbsp;&nbsp;&nbsp;&nbsp;&nbsp;&nbsp;&nbsp;&nbsp;incorrect false"
  }
 ],
 "tools": [
  {
   "benchmarkname": "test",
   "columns": [
    {
     "display_title": "status",
     "max_width": 12,
     "relevant_for_diff": false,
     "title": "status",
     "type": "status"
    },
    {
     "display_title": "category",
     "max_width": 8,
     "relevant_for_diff": false,
     "title": "category",
     "type": "text"
    },
    {
     "display_title": "score",
     "max_width": 5,
     "relevant_for_diff": false,
     "title": "score",
     "type": "text"
    },
    {
     "display_title": "cputime",
     "max_width": 7,
     "number_of_significant_digits": 3,
     "relevant_for_diff": false,
     "title": "cputime",
     "type": "measure",
     "unit": "s"
    },
    {
     "display_title": "setup",
     "max_width": 5,
     "number_of_significant_digits": 3,
     "pattern": "Time for analysis setup",
     "relevant_for_diff": false,
     "title": "setup",
     "type": "measure",
     "unit": "s"
    },
    {
     "display_title": "non-existent",
     "max_width": 12,
     "pattern": "Pattern that does not match",
     "relevant_for_diff": false,
     "title": "non-existent",
     "type": "text"
    },
    {
     "display_title": "SMT time",
     "max_width": 8,
     "number_of_significant_digits": 3,
     "pattern": "Total time for SMT solver",
     "relevant_for_diff": false,
     "title": "SMT time",
     "type": "measure",
     "unit": "s"
    },
    {
     "display_title": "variable count",
     "max_width": 14,
     "pattern": "Number of variables",
     "relevant_for_diff": false,
     "title": "variable count",
     "type": "text"
    }
   ],
   "cores": "8",
   "cpu": "Intel Core i7-2600 CPU @ 3.40GHz",
   "cpuCores": "1",
   "date": "2015-03-03 16:13:02 CET",
   "freq": "3401 MHz",
   "host": "tortuga",
   "memlimit": "3000 MB",
   "name": "predicateAnalysis",
   "niceName": "predicateAnalysis",
   "options": "-noout -setprop log.consoleLevel=WARNING -predicateAnalysis",
   "os": "Linux 3.13.0-45-generic x86_64",
   "ram": "16389384 kB",
   "timelimit": "10 s",
   "tool": "CPAchecker",
   "toolmodule": "benchexec.tools.cpachecker",
   "version": "1.4-svn 15944M"
  },
  {
   "benchmarkname": "test",
   "columns": [
    {
     "display_title": "status",
     "max_width": 12,
     "relevant_for_diff": false,
     "title": "status",
     "type": "status"
    },
    {
     "display_title": "category",
     "max_width": 8,
     "relevant_for_diff": false,
     "title": "category",
     "type": "text"
    },
    {
     "display_title": "score",
     "max_width": 5,
     "relevant_for_diff": false,
     "title": "score",
     "type": "text"
    },
    {
     "display_title": "cputime",
     "max_width": 7,
     "number_of_significant_digits": 3,
     "relevant_for_diff": false,
     "title": "cputime",
     "type": "measure",
     "unit": "s"
    },
    {
     "display_title": "setup",
     "max_width": 5,
     "number_of_significant_digits": 3,
     "pattern": "Time for analysis setup",
     "relevant_for_diff": false,
     "title": "setup",
     "type": "measure",
     "unit": "s"
    },
    {
     "display_title": "non-existent",
     "max_width": 12,
     "pattern": "Pattern that does not match",
     "relevant_for_diff": false,
     "title": "non-existent",
     "type": "text"
    },
    {
     "display_title": "SMT time",
     "max_width": 8,
     "pattern": "Total time for SMT solver",
     "relevant_for_diff": false,
     "title": "SMT time",
     "type": "text"
    },
    {
     "display_title": "variable count",
     "max_width": 14,
     "pattern": "Number of variables",
     "relevant_for_diff": false,
     "title": "variable count",
     "type": "count"
    }
   ],
   "cores": "8",
   "cpu": "Intel Core i7-2600 CPU @ 3.40GHz",
   "cpuCores": "1",
   "date": "2015-03-03 16:13:02 CET",
   "freq": "3401 MHz",
   "host": "tortuga",
   "memlimit": "3000 MB",
   "name": "valueAnalysis",
   "niceName": "valueAnalysis",
   "options": "-noout -setprop log.consoleLevel=WARNING -valueAnalysis",
   "os": "Linux 3.13.0-45-generic x86_64",
   "ram": "16389384 kB",
   "timelimit": "10 s",
   "tool": "CPAchecker",
   "toolmodule": "benchexec.tools.cpachecker",
   "version": "1.4-svn 15944M"
  },
  {
   "benchmarkname": "test",
   "columns": [
    {
     "display_title": "status",
     "max_width": 12,
     "relevant_for_diff": false,
     "title": "status",
     "type": "status"
    },
    {
     "display_title": "category",
     "max_width": 8,
     "relevant_for_diff": false,
     "title": "category",
     "type": "text"
    },
    {
     "display_title": "score",
     "max_width": 5,
     "relevant_for_diff": false,
     "title": "score",
     "type": "text"
    },
    {
     "display_title": "cputime",
     "max_width": 7,
     "number_of_significant_digits": 3,
     "relevant_for_diff": false,
     "title": "cputime",
     "type": "measure",
     "unit": "s"
    },
    {
     "display_title": "analysis",
     "max_width": 8,
     "number_of_significant_digits": 3,
     "pattern": "Time for Analysis",
     "relevant_for_diff": false,
     "title": "analysis",
     "type": "measure",
     "unit": "s"
    },
    {
     "display_title": "non-existent",
     "max_width": 12,
     "pattern": "Pattern that does not match",
     "relevant_for_diff": false,
     "title": "non-existent",
     "type": "text"
    },
    {
     "display_title": "SMT time",
     "max_width": 8,
     "number_of_significant_digits": 3,
     "pattern": "Total time for SMT solver",
     "relevant_for_diff": false,
     "title": "SMT time",
     "type": "measure",
     "unit": "s"
    }
   ],
   "cores": "8",
   "cpu": "Intel Core i7-2600 CPU @ 3.40GHz",
   "cpuCores": "1",
   "date": "2015-03-03 18:15:20 CET",
   "freq": "3401 MHz",
   "host": "tortuga",
   "memlimit": "3000 MB",
   "name": "predicateAnalysis",
   "niceName": "predicateAnalysis",
   "options": "-noout -setprop log.consoleLevel=WARNING -predicateAnalysis",
   "os": "Linux 3.13.0-45-generic x86_64",
   "ram": "16389384 kB",
   "timelimit": "10 s",
   "tool": "CPAchecker",
   "toolmodule": "benchexec.tools.cpachecker",
   "version": "1.4-svn 15986M"
  },
  {
   "benchmarkname": "test",
   "columns": [
    {
     "display_title": "status",
     "max_width": 12,
     "relevant_for_diff": false,
     "title": "status",
     "type": "status"
    },
    {
     "display_title": "category",
     "max_width": 8,
     "relevant_for_diff": false,
     "title": "category",
     "type": "text"
    },
    {
     "display_title": "score",
     "max_width": 5,
     "relevant_for_diff": false,
     "title": "score",
     "type": "text"
    },
    {
     "display_title": "cputime",
     "max_width": 7,
     "number_of_significant_digits": 3,
     "relevant_for_diff": false,
     "title": "cputime",
     "type": "measure",
     "unit": "s"
    },
    {
     "display_title": "analysis",
     "max_width": 8,
     "number_of_significant_digits": 3,
     "pattern": "Time for Analysis",
     "relevant_for_diff": false,
     "title": "analysis",
     "type": "measure",
     "unit": "s"
    },
    {
     "display_title": "non-existent",
     "max_width": 12,
     "pattern": "Pattern that does not match",
     "relevant_for_diff": false,
     "title": "non-existent",
     "type": "text"
    },
    {
     "display_title": "variable count",
     "max_width": 14,
     "pattern": "Number of variables",
     "relevant_for_diff": false,
     "title": "variable count",
     "type": "count"
    }
   ],
   "cores": "8",
   "cpu": "Intel Core i7-2600 CPU @ 3.40GHz",
   "cpuCores": "1",
   "date": "2015-03-03 18:15:20 CET",
   "freq": "3401 MHz",
   "host": "tortuga",
   "memlimit": "3000 MB",
   "name": "valueAnalysis",
   "niceName": "valueAnalysis",
   "options": "-noout -setprop log.consoleLevel=WARNING -valueAnalysis",
   "os": "Linux 3.13.0-45-generic x86_64",
   "ram": "16389384 kB",
   "timelimit": "10 s",
   "tool": "CPAchecker",
   "toolmodule": "benchexec.tools.cpachecker",
   "version": "1.4-svn 15986M"
  }
 ],
 "version": "(test)"
}