tool		CPAchecker 1.4-svn 15944M	CPAchecker 1.4-svn 15944M	CPAchecker 1.4-svn 15944M	CPAchecker 1.4-svn 15944M	CPAchecker 1.4-svn 15986M	CPAchecker 1.4-svn 15986M	CPAchecker 1.4-svn 15986M	CPAchecker 1.4-svn 15986M
run set		predicateAnalysis	predicateAnalysis	predicateAnalysis	predicateAnalysis	predicateAnalysis	predicateAnalysis	predicateAnalysis	predicateAnalysis
benchexec/tablegenerator/test_integration/results/		status	cputime (s)	walltime (s)	memory (MB)	status	cputime (s)	walltime (s)	memory (MB)
test/programs/simple/bitvectors/implicitunsignedconversion_false-unreach-label.i	unreach-label	true	2.169189428	2.1783649921417236	128.032768	true	1.858883109	1.8666319847106934	130.568192
test/programs/simple/switch_test_default_fallthrough_false-unreach-label.c	unreach-label	false(reach)	2.189887353	2.1968865394592285	129.118208	false(reach)	1.829559535	1.8350000381469727	129.966080
test/programs/simple/compoundLiteral_true-unreach-label.c	unreach-label	true	2.22954344	2.237081289291382	132.337664	true	1.949553467	1.957531213760376	129.806336
doc/examples/example.c		true	2.272238619	2.2822041511535645	129.470464	true	1.900342606	1.9080226421356201	129.441792
test/programs/simple/builtin_expect_true-unreach-label.c	unreach-label	true	2.058647067	2.0664572715759277	126.312448	true	1.850979621	1.8589563369750977	128.536576