tool		CPAchecker 1.4-svn 15944M	CPAchecker 1.4-svn 15944M	CPAchecker 1.4-svn 15944M	CPAchecker 1.4-svn 15944M	CPAchecker 1.4-svn 15944M	CPAchecker 1.4-svn 15944M
run set		predicateAnalysis	predicateAnalysis	predicateAnalysis	predicateAnalysis	predicateAnalysis	predicateAnalysis
benchexec/tablegenerator/test_integration/results/		status	category	score	CPU Time (s)	setup (s)	non-existent
test/programs/simple/bitvectors/implicitunsignedconversion_false-unreach-label.i	unreach-label	true	wrong		2.169189428	1.624	
test/programs/simple/switch_test_default_fallthrough_false-unreach-label.c	unreach-label	false(reach)	correct		2.189887353	1.587	
test/programs/simple/compoundLiteral_true-unreach-label.c	unreach-label	true	correct		2.22954344	1.665	
doc/examples/example.c		true	missing		2.272238619	1.644	
test/programs/simple/builtin_expect_true-unreach-label.c	unreach-label	true	correct		2.058647067	1.493