{
 "head": {
  "branch": null,
  "date": {
   "content": [
    [
     "2015-03-03 16:13:02 CET",
     8
    ]
   ],
   "id": "date",
   "name": "Date of execution"
  },
  "displayName": null,
  "host": {
   "content": [
    [
     "tortuga",
     8
    ]
   ],
   "id": "host",
   "name": "Host"
  },
  "limit": {
   "content": [
    [
     "timelimit: 10 s, memlimit: 3000 MB, CPU core limit: 1",
     8
    ]
   ],
   "id": "limits",
   "name": "Limits"
  },
  "options": {
   "content": [
    [
     "-noout -setprop log.consoleLevel=WARNING -predicateAnalysis",
     8
    ]
   ],
   "id": "options",
   "name": "Options"
  },
  "os": {
   "content": [
    [
     "Linux 3.13.0-45-generic x86_64",
     8
    ]
   ],
   "id": "os",
   "name": "OS"
  },
  "property": null,
  "runset": {
   "content": [
    [
     "predicateAnalysis",
     8
    ]
   ],
   "id": "run",
   "name": "Run set"
  },
  "system": {
   "content": [
    [
     "CPU: Intel Core i7-2600 CPU @ 3.40GHz, cores: 8, frequency: 3401 MHz; RAM: 16389384 kB",
     8
    ]
   ],
   "id": "system",
   "name": "System"
  },
  "task_id_names": [
   "Task name",
   "Property"
  ],
  "title": {
   "content": [
    [
     "status",
     1
    ],
    [
     "cputime (ms)",
     1
    ],
    [
     "cputime-h (h)",
     1
    ],
    [
     "walltime (s)",
     1
    ],
    [
     "walltime (ns)",
     1
    ],
    [
     "walltime (Gs)",
     1
    ],
    [
     "memory (MB)",
     1
    ],
    [
     "memory-GB (GB)",
     1
    ]
   ],
   "id": "columnTitles",
   "name": "benchexec/tablegenerator/test_integration/results/"
  },
  "tool": {
   "content": [
    [
     "CPAchecker 1.4-svn 15944M",
     8
    ]
   ],
   "id": "tool",
   "name": "Tool"
  }
 },
 "initial": null,
 "rows": [
  {
   "href": "../results/test/programs/simple/bitvectors/implicitunsignedconversion_false-unreach-label.i",
   "id": [
    "test/programs/simple/bitvectors/implicitunsignedconversion_false-unreach-label.i",
    "unreach-label"
   ],
   "results": [
    {
     "category": "wrong",
     "href": "../results/test.2015-03-03_1613.logfiles/predicateAnalysis.implicitunsignedconversion_false-unreach-label.i.log",
     "values": [
      {
       "raw": "true"
      },
      {
       "html": "2170",
       "raw": "2169.189428000"
      },
      {
       "html": ".0006026",
       "raw": "0.0006025526188888888888888888889"
      },
      {
       "html": "2.2",
       "raw": "2.1783649921417236"
      },
      {
       "html": "2200000000",
       "raw": "2178364992.1417236000000000"
      },
      {
       "html": ".0000000022",
       "raw": "0.0000000021783649921417236"
      },
      {
       "html": "128.03",
       "raw": "128.032768"
      },
      {
       "html": ".12803",
       "raw": "0.128032768"
      }
     ]
    }
   ]
  },
  {
   "href": "../results/test/programs/simple/switch_test_default_fallthrough_false-unreach-label.c",
   "id": [
    "test/programs/simple/switch_test_default_fallthrough_false-unreach-label.c",
    "unreach-label"
   ],
   "results": [
    {
     "category": "correct",
     "href": "../results/test.2015-03-03_1613.logfiles/predicateAnalysis.switch_test_default_fallthrough_false-unreach-label.c.log",
     "values": [
      {
       "raw": "false(reach)"
      },
      {
       "html": "2190",
       "raw": "2189.887353000"
      },
      {
       "html": ".0006083",
       "raw": "0.0006083020425000000000000000000"
      },
      {
       "html": "2.2",
       "raw": "2.1968865394592285"
      },
      {
       "html": "2200000000",
       "raw": "2196886539.4592285000000000"
      },
      {
       "html": ".0000000022",
       "raw": "0.0000000021968865394592285"
      },
      {
       "html": "129.12",
       "raw": "129.118208"
      },
      {
       "html": ".12912",
       "raw": "0.129118208"
      }
     ]
    }
   ]
  },
  {
   "href": "../results/test/programs/simple/compoundLiteral_true-unreach-label.c",
   "id": [
    "test/programs/simple/compoundLiteral_true-unreach-label.c",
    "unreach-label"
   ],
   "results": [
    {
     "category": "correct",
     "href": "../results/test.2015-03-03_1613.logfiles/predicateAnalysis.compoundLiteral_true-unreach-label.c.log",
     "values": [
      {
       "raw": "true"
      },
      {
       "html": "2230",
       "raw": "2229.54344000"
      },
      {
       "html": ".0006193",
       "raw": "0.0006193176222222222222222222223"
      },
      {
       "html": "2.2",
       "raw": "2.237081289291382"
      },
      {
       "html": "2200000000",
       "raw": "2237081289.291382000000000"
      },
      {
       "html": ".0000000022",
       "raw": "0.000000002237081289291382"
      },
      {
       "html": "132.34",
       "raw": "132.337664"
      },
      {
       "html": ".13234",
       "raw": "0.132337664"
      }
     ]
    }
   ]
  },
  {
   "href": "../results/doc/examples/example.c",
   "id": [
    "doc/examples/example.c"
   ],
   "results": [
    {
     "category": "missing",
     "href": "../results/test.2015-03-03_1613.logfiles/predicateAnalysis.example.c.log",
     "values": [
      {
       "raw": "true"
      },
      {
       "html": "2270",
       "raw": "2272.238619000"
      },
      {
       "html": ".0006312",
       "raw": "0.0006311773941666666666666666667"
      },
      {
       "html": "2.3",
       "raw": "2.2822041511535645"
      },
      {
       "html": "2300000000",
       "raw": "2282204151.1535645000000000"
      },
      {
       "html": ".0000000023",
       "raw": "0.0000000022822041511535645"
      },
      {
       "html": "129.47",
       "raw": "129.470464"
      },
      {
       "html": ".12947",
       "raw": "0.129470464"
      }
     ]
    }
   ]
  },
  {
   "href": "../results/test/programs/simple/builtin_expect_true-unreach-label.c",
   "id": [
    "test/programs/simple/builtin_expect_true-unreach-label.c",
    "unreach-label"
   ],
   "results": [
    {
     "category": "correct",
     "href": "../results/test.2015-03-03_1613.logfiles/predicateAnalysis.builtin_expect_true-unreach-label.c.log",
     "values": [
      {
       "raw": "true"
      },
      {
       "html": "2060",
       "raw": "2058.647067000"
      },
      {
       "html": ".0005718",
       "raw": "0.0005718464075000000000000000000"
      },
      {
       "html": "2.1",
       "raw": "2.0664572715759277"
      },
      {
       "html": "2100000000",
       "raw": "2066457271.5759277000000000"
      },
      {
       "html": ".0000000021",
       "raw": "0.0000000020664572715759277"
      },
      {
       "html": "126.31",
       "raw": "126.312448"
      },
      {
       "html": ".12631",
       "raw": "0.126312448"
      }
     ]
    }
   ]
  }
 ],
 "stats": [
  {
   "content": [
    [
     {
      "sum": 5
     },
     {
      "avg": "2180",
      "max": "2270",
      "median": "2190",
      "min": "2060",
      "stdev": "71.9",
      "sum": "10900"
     },
     {
      "avg": "0.0006066",
      "max": "0.0006312",
      "median": "0.0006083",
      "min": "0.0005718",
      "stdev": "0.00001996",
      "sum": ".003033&#x2007;"
     },
     {
      "avg": "2.2",
      "max": "2.3",
      "median": "2.2",
      "min": "2.1",
      "stdev": "0.072",
      "sum": "11&#x2008;&#x2007;"
     },
     {
      "avg": "2200000000",
      "max": "2300000000",
      "median": "2200000000",
      "min": "2100000000",
      "stdev": "72000000",
      "sum": "11000000000"
     },
     {
      "avg": "0.0000000022",
      "max": "0.0000000023",
      "median": "0.0000000022",
      "min": "0.0000000021",
      "stdev": "0.000000000072",
      "sum": ".000000011&#x2007;"
     },
     {
      "avg": "129.05",
      "max": "132.34",
      "median": "129.12",
      "min": "126.31",
      "stdev": "1.9758",
      "sum": "645.27"
     },
     {
      "avg": "0.12905",
      "max": "0.13234",
      "median": "0.12912",
      "min": "0.12631",
      "stdev": "0.0019758",
      "sum": ".64527"
     }
    ]
   ],
   "description": "",
   "id": null,
   "title": "total"
  },
  {
   "content": [
    [
     null,
     {
      "sum": "10900"
     },
     {
      "sum": ".003037&#x2007;"
     },
     {
      "sum": "12&#x2008;&#x2007;"
     },
     {
      "sum": "12000000000"
     },
     {
      "sum": ".000000012&#x2007;"
     },
     null,
     null
    ]
   ],
   "description": "(This line contains some statistics from local execution. Only trust those values, if you use your own computer.)",
   "id": null,
   "title": "local summary"
  },
  {
   "content": [
    [
     {
      "sum": 3
     },
     {
      "avg": "2160",
      "max": "2230",
      "median": "2190",
      "min": "2060",
      "stdev": "73.0",
      "sum": "6480"
     },
     {
      "avg": "0.0005998",
      "max": "0.0006193",
      "median": "0.0006083",
      "min": "0.0005718",
      "stdev": "0.00002029",
      "sum": ".001799&#x2007;"
     },
     {
      "avg": "2.2",
      "max": "2.2",
      "median": "2.2",
      "min": "2.1",
      "stdev": "0.073",
      "sum": "6.5"
     },
     {
      "avg": "2200000000",
      "max": "2200000000",
      "median": "2200000000",
      "min": "2100000000",
      "stdev": "73000000",
      "sum": "6500000000"
     },
     {
      "avg": "0.0000000022",
      "max": "0.0000000022",
      "median": "0.0000000022",
      "min": "0.0000000021",
      "stdev": "0.000000000073",
      "sum": ".0000000065"
     },
     {
      "avg": "129.26",
      "max": "132.34",
      "median": "129.12",
      "min": "126.31",
      "stdev": "2.4617",
      "sum": "387.77"
     },
     {
      "avg": "0.12926",
      "max": "0.13234",
      "median": "0.12912",
      "min": "0.12631",
      "stdev": "0.0024617",
      "sum": ".38777"
     }
    ]
   ],
   "description": "(property holds + result is true) OR (property does not hold + result is false)",
   "id": null,
   "title": "&nbsp;&nbsp;&nbsp;&nbsp;correct results"
  },
  {
   "content": [
    [
     {
      "sum": 2
     },
     {
      "avg": "2140",
      "max": "2230",
      "median": "2140",
      "min": "2060",
      "stdev": "85.4",
      "sum": "4290"
     },
     {
      "avg": "0.0005956",
      "max": "0.0006193",
      "median": "0.0005956",
      "min": "0.0005718",
      "stdev": "0.00002374",
      "sum": ".001191&#x2007;"
     },
     {
      "avg": "2.2",
      "max": "2.2",
      "median": "2.2",
      "min": "2.1",
      "stdev": "0.085",
      "sum": "4.3"
     },
     {
      "avg": "2200000000",
      "max": "2200000000",
      "median": "2200000000",
      "min": "2100000000",
      "stdev": "85000000",
      "sum": "4300000000"
     },
     {
      "avg": "0.0000000022",
      "max": "0.0000000022",
      "median": "0.0000000022",
      "min": "0.0000000021",
      "stdev": "0.000000000085",
      "sum": ".0000000043"
     },
     {
      "avg": "129.33",
      "max": "132.34",
      "median": "129.33",
      "min": "126.31",
      "stdev": "3.0126",
      "sum": "258.65"
     },
     {
      "avg": "0.12933",
      "max": "0.13234",
      "median": "0.12933",
      "min": "0.12631",
      "stdev": "0.0030126",
      "sum": ".25865"
     }
    ]
   ],
   "description": "property holds + result is true",
   "id": null,
   "title": "&nbsp;&nbsp;&nbsp;&nbsp;&nbsp;&nbsp;&nbsp;&nbsp;correct true"
  },
  {
   "content": [
    [
     {
      "sum": 1
     },
     {
      "avg": "2190",
      "max": "2190",
      "median": "2190",
      "min": "2190",
      "stdev": "0.000",
      "sum": "2190"
     },
     {
      "avg": "0.0006083",
      "max": "0.0006083",
      "median": "0.0006083",
      "min": "0.0006083",
      "stdev": "0.0000",
      "sum": ".0006083"
     },
     {
      "avg": "2.2",
      "max": "2.2",
      "median": "2.2",
      "min": "2.2",
      "stdev": "0.00",
      "sum": "2.2"
     },
     {
      "avg": "2200000000",
      "max": "2200000000",
      "median": "2200000000",
      "min": "2200000000",
      "stdev": "0.00",
      "sum": "2200000000"
     },
     {
      "avg": "0.0000000022",
      "max": "0.0000000022",
      "median": "0.0000000022",
      "min": "0.0000000022",
      "stdev": "0.00",
      "sum": ".0000000022"
     },
     {
      "avg": "129.12",
      "max": "129.12",
      "median": "129.12",
      "min": "129.12",
      "stdev": "0.00000",
      "sum": "129.12"
     },
     {
      "avg": "0.12912",
      "max": "0.12912",
      "median": "0.12912",
      "min": "0.12912",
      "stdev": "0.00000",
      "sum": ".12912"
     }
    ]
   ],
   "description": "property does not hold + result is false",
   "id": null,
   "title": "&nbsp;&nbsp;&nbsp;&nbsp;&nbsp;&nbsp;&nbsp;&nbsp;correct false"
  },
  {
   "content": [
    [
     {
      "sum": 1
     },
     {
      "avg": "2170",
      "max": "2170",
      "median": "2170",
      "min": "2170",
      "stdev": "0.000",
      "sum": "2170"
     },
     {
      "avg": "0.0006026",
      "max": "0.0006026",
      "median": "0.0006026",
      "min": "0.0006026",
      "stdev": "0.0000",
      "sum": ".0006026"
     },
     {
      "avg": "2.2",
      "max": "2.2",
      "median": "2.2",
      "min": "2.2",
      "stdev": "0.00",
      "sum": "2.2"
     },
     {
      "avg": "2200000000",
      "max": "2200000000",
      "median": "2200000000",
      "min": "2200000000",
      "stdev": "0.00",
      "sum": "2200000000"
     },
     {
      "avg": "0.0000000022",
      "max": "0.0000000022",
      "median": "0.0000000022",
      "min": "0.0000000022",
      "stdev": "0.00",
      "sum": ".0000000022"
     },
     {
      "avg": "128.03",
      "max": "128.03",
      "median": "128.03",
      "min": "128.03",
      "stdev": "0.00000",
      "sum": "128.03"
     },
     {
      "avg": "0.12803",
      "max": "0.12803",
      "median": "0.12803",
      "min": "0.12803",
      "stdev": "0.00000",
      "sum": ".12803"
     }
    ]
   ],
   "description": "(property holds + result is false) OR (property does not hold + result is true)",
   "id": null,
   "title": "&nbsp;&nbsp;&nbsp;&nbsp;incorrect results"
  },
  {
   "content": [
    [
     {
      "sum": 1
     },
     {
      "avg": "2170",
      "max": "2170",
      "median": "2170",
      "min": "2170",
      "stdev": "0.000",
      "sum": "2170"
     },
     {
      "avg": "0.0006026",
      "max": "0.0006026",
      "median": "0.0006026",
      "min": "0.0006026",
      "stdev": "0.0000",
      "sum": ".0006026"
     },
     {
      "avg": "2.2",
      "max": "2.2",
      "median": "2.2",
      "min": "2.2",
      "stdev": "0.00",
      "sum": "2.2"
     },
     {
      "avg": "2200000000",
      "max": "2200000000",
      "median": "2200000000",
      "min": "2200000000",
      "stdev": "0.00",
      "sum": "2200000000"
     },
     {
      "avg": "0.0000000022",
      "max": "0.0000000022",
      "median": "0.0000000022",
      "min": "0.0000000022",
      "stdev": "0.00",
      "sum": ".0000000022"
     },
     {
      "avg": "128.03",
      "max": "128.03",
      "median": "128.03",
      "min": "128.03",
      "stdev": "0.00000",
      "sum": "128.03"
     },
     {
      "avg": "0.12803",
      "max": "0.12803",
      "median": "0.12803",
      "min": "0.12803",
      "stdev": "0.00000",
      "sum": ".12803"
     }
    ]
   ],
   "description": "property does not hold + result is true",
   "id": null,
   "title": "&nbsp;&nbsp;&nbsp;&nbsp;&nbsp;&nbsp;&nbsp;&nbsp;incorrect true"
  },
  {
   "content": [
    [
     {
      "sum": 0
     },
     null,
     null,
     null,
     null,
     null,
     null,
     null
    ]
   ],
   "description": "property holds + result is false",
   "id": null,
   "title": "&nbsp;&nbsp;&nbsp;&nbsp;&nbsp;&nbsp;&nbsp;&nbsp;incorrect false"
  }
 ],
 "tools": [
  {
   "benchmarkname": "test",
   "columns": [
    {
     "display_title": "status",
     "max_width": 12,
     "relevant_for_diff": false,
     "title": "status",
     "type": "status"
    },
    {
     "display_title": "cputime",
     "max_width": 7,
     "number_of_significant_digits": 3,
     "relevant_for_diff": false,
     "title": "cputime",
     "type": "measure",
     "unit": "ms"
    },
    {
     "display_title": "cputime-h",
     "max_width": 9,
     "number_of_significant_digits": 4,
     "relevant_for_diff": false,
     "title": "cputime",
     "type": "measure",
     "unit": "h"
    },
    {
     "display_title": "walltime",
     "max_width": 8,
     "number_of_significant_digits": 2,
     "relevant_for_diff": false,
     "title": "walltime",
     "type": "measure",
     "unit": "s"
    },
    {
     "display_title": "walltime",
     "max_width": 10,
     "number_of_significant_digits": 2,
     "relevant_for_diff": false,
     "title": "walltime",
     "type": "measure",
     "unit": "ns"
    },
    {
     "display_title": "walltime",
     "max_width": 11,
     "number_of_significant_digits": 2,
     "relevant_for_diff": false,
     "title": "walltime",
     "type": "measure",
     "unit": "Gs"
    },
    {
     "display_title": "memory",
     "max_width": 6,
     "number_of_significant_digits": 5,
     "relevant_for_diff": false,
     "title": "memUsage",
     "type": "measure",
     "unit": "MB"
    },
    {
     "display_title": "memory-GB",
     "max_width": 9,
     "number_of_significant_digits": 5,
     "relevant_for_diff": false,
     "title": "memUsage",
     "type": "measure",
     "unit": "GB"
    }
   ],
   "cores": "8",
   "cpu": "Intel Core i7-2600 CPU @ 3.40GHz",
   "cpuCores": "1",
   "date": "2015-03-03 16:13:02 CET",
   "freq": "3401 MHz",
   "host": "tortuga",
   "memlimit": "3000 MB",
   "name": "predicateAnalysis",
   "niceName": "predicateAnalysis",
   "options": "-noout -setprop log.consoleLevel=WARNING -predicateAnalysis",
   "os": "Linux 3.13.0-45-generic x86_64",
   "ram": "16389384 kB",
   "timelimit": "10 s",
   "tool": "CPAchecker",
   "toolmodule": "benchexec.tools.cpachecker",
   "version": "1.4-svn 15944M"
  }
 ],
 "version": "(test)"
}