tool		CPAchecker 1.4-svn 15944M	CPAchecker 1.4-svn 15944M	CPAchecker 1.4-svn 15944M	CPAchecker 1.4-svn 15944M	CPAchecker 1.4-svn 15944M	CPAchecker 1.4-svn 15944M
run set		predicateAnalysis	predicateAnalysis	predicateAnalysis	predicateAnalysis	predicateAnalysis	predicateAnalysis
benchexec/tablegenerator/test_integration/results/		status	category	cputime (s)	walltime (s)	memory (MB)	exitcode
test/programs/simple/bitvectors/implicitunsignedconversion_false-unreach-label.i	unreach-label	true	wrong	2.169189428	2.1783649921417236	128.032768	0
test/programs/simple/switch_test_default_fallthrough_false-unreach-label.c	unreach-label	false(reach)	correct	2.189887353	2.1968865394592285	129.118208	0
test/programs/simple/compoundLiteral_true-unreach-label.c	unreach-label	true	correct	2.22954344	2.237081289291382	132.337664	0
doc/examples/example.c		true	missing	2.272238619	2.2822041511535645	129.470464	0
test/programs/simple/builtin_expect_true-unreach-label.c	unreach-label	true	correct	2.058647067	2.0664572715759277	126.312448	0