tool		CPAchecker 1.4-svn 15944M	CPAchecker 1.4-svn 15944M	CPAchecker 1.4-svn 15944M	CPAchecker 1.4-svn 15944M	CPAchecker 1.4-svn 15944M	CPAchecker 1.4-svn 15944M	CPAchecker 1.4-svn 15944M	CPAchecker 1.4-svn 15944M
run set		predicateAnalysis	predicateAnalysis	predicateAnalysis	predicateAnalysis	valueAnalysis	valueAnalysis	valueAnalysis	valueAnalysis
benchexec/tablegenerator/test_integration/results/		status	cputime (s)	walltime (s)	memory (MB)	status	cputime (s)	walltime (s)	memory (MB)
test/programs/simple/bitvectors/implicitunsignedconversion_false-unreach-label.i	unreach-label	true	2.169189428	2.1783649921417236	128.032768	false(reach)	2.117287256	2.1272354125976562	133.574656
test/programs/simple/switch_test_default_fallthrough_false-unreach-label.c	unreach-label	false(reach)	2.189887353	2.1968865394592285	129.118208	false(reach)	2.159436775	2.1679935455322266	131.117056
test/programs/simple/compoundLiteral_true-unreach-label.c	unreach-label	true	2.22954344	2.237081289291382	132.337664	unknown	2.203966561	2.2127082347869873	130.293760
doc/examples/example.c		true	2.272238619	2.2822041511535645	129.470464	true	2.018490461	2.0274627208709717	126.210048