tool	CPAchecker 1.4-svn 15944M	CPAchecker 1.4-svn 15944M	CPAchecker 1.4-svn 15944M	CPAchecker 1.4-svn 15944M	CPAchecker 1.4-svn 15944M
run set	predicateAnalysis.0	predicateAnalysis.0	predicateAnalysis.0	predicateAnalysis.0	predicateAnalysis.0
benchexec/tablegenerator/test_integration/results/test/programs/simple/	status	cputime (s)	walltime (s)	memory (MB)	score
bitvectors/implicitunsignedconversion_false-unreach-label.i	true	2.169189428	2.1783649921417236	128.032768	0
switch_test_default_fallthrough_false-unreach-label.c	false(reach)	2.189887353	2.1968865394592285	129.118208	10
compoundLiteral_true-unreach-label.c	true	2.22954344	2.237081289291382	132.337664	-2.5